 libnspr4

 Timestamp is 4bb1a452 (Tue Mar 30 11:12:18 2010)

 Preferred load address is 10000000

 Start         Length     Name                   Class
 0001:00000000 0004756bH .text                   CODE
 0002:00000000 00000104H .CRT$XCA                DATA
 0002:00000104 00000104H .CRT$XCZ                DATA
 0002:00000208 00000104H .CRT$XIA                DATA
 0002:0000030c 00000104H .CRT$XIAA               DATA
 0002:00000410 00000104H .CRT$XIC                DATA
 0002:00000514 00000104H .CRT$XIZ                DATA
 0002:00000618 00000004H .CRT$XLA                DATA
 0002:0000061c 00000004H .CRT$XLZ                DATA
 0002:00000620 00007a94H .rdata                  DATA
 0002:000080b4 0000011cH .rdata$T                DATA
 0002:000081d0 0000016fH .rdata$debug            DATA
 0002:00008340 00000104H .rdata$sxdata           DATA
 0002:00008444 00000104H .rtc$IAA                DATA
 0002:00008548 00000104H .rtc$IZZ                DATA
 0002:0000864c 00000104H .rtc$TAA                DATA
 0002:00008750 00000104H .rtc$TZZ                DATA
 0002:00008858 0000019eH .xdata$x                DATA
 0002:00008a00 00003536H .edata                  DATA
 0003:00000000 00000922H .data                   DATA
 0003:00000940 00002890H .bss                    DATA
 0004:00000000 00000064H .idata$2                DATA
 0004:00000064 00000014H .idata$3                DATA
 0004:00000078 000004ecH .idata$4                DATA
 0004:00000564 000004ecH .idata$5                DATA
 0004:00000a50 00000e61H .idata$6                DATA
 0005:00000000 00000101H .tls                    DATA
 0005:00000104 00000118H .tls$                   DATA
 0005:0000021c 00000101H .tls$ZZZ                DATA
 0006:00000000 00000169H .rsrc$01                DATA
 0006:00000170 00000426H .rsrc$02                DATA

  Address         Publics by Value              Rva+Base       Lib:Object

 0000:00000000       __except_list              00000000     <absolute>
 0000:00000001       ___safe_se_handler_count   00000001     <absolute>
 0000:0000002c       __tls_array                0000002c     <absolute>
 0000:00009876       __ldused                   00009876     <absolute>
 0000:00009876       __fltused                  00009876     <absolute>
 0000:00000000       ___ImageBase               10000000     <linker-defined>
 0001:000019f0       _libVersionPoint           100029f0 f   prvrsion.obj
 0001:00001a00       __PR_Getfd                 10002a00 f   prfdcach.obj
 0001:00001cd0       __PR_Putfd                 10002cd0 f   prfdcach.obj
 0001:00001ea0       _PR_SetFDCacheSize         10002ea0 f   prfdcach.obj
 0001:00002030       __PR_InitFdCache           10003030 f   prfdcach.obj
 0001:000021a0       __PR_CleanupFdCache        100031a0 f   prfdcach.obj
 0001:000022e0       __PR_InitMW                100032e0 f   prmwait.obj
 0001:00002670       __PR_CleanupMW             10003670 f   prmwait.obj
 0001:000026e0       _NT_HashRemoveInternal     100036e0 f   prmwait.obj
 0001:00002850       _PR_AddWaitFileDesc        10003850 f   prmwait.obj
 0001:000034a0       _PR_WaitRecvReady          100044a0 f   prmwait.obj
 0001:000039d0       _PR_CancelWaitFileDesc     100049d0 f   prmwait.obj
 0001:00003b70       _PR_CancelWaitGroup        10004b70 f   prmwait.obj
 0001:000040a0       _PR_CreateWaitGroup        100050a0 f   prmwait.obj
 0001:00004370       _PR_DestroyWaitGroup       10005370 f   prmwait.obj
 0001:000045b0       _PR_CreateMWaitEnumerator  100055b0 f   prmwait.obj
 0001:00004610       _PR_DestroyMWaitEnumerator 10005610 f   prmwait.obj
 0001:000046c0       _PR_EnumerateWaitGroup     100056c0 f   prmwait.obj
 0001:000048f0       __PR_SocketGetSocketOption 100058f0 f   prmapopt.obj
 0001:00004c60       __PR_SocketSetSocketOption 10005c60 f   prmapopt.obj
 0001:00004fa0       __PR_MapOptionName         10005fa0 f   prmapopt.obj
 0001:00005020       __PR_InvalidInt            10006020 f   priometh.obj
 0001:00005070       __PR_InvalidInt16          10006070 f   priometh.obj
 0001:000050c0       __PR_InvalidInt64          100060c0 f   priometh.obj
 0001:00005120       __PR_InvalidStatus         10006120 f   priometh.obj
 0001:00005170       __PR_InvalidDesc           10006170 f   priometh.obj
 0001:000051c0       _PR_GetDescType            100061c0 f   priometh.obj
 0001:000051d0       _PR_Close                  100061d0 f   priometh.obj
 0001:000051f0       _PR_Read                   100061f0 f   priometh.obj
 0001:00005220       _PR_Write                  10006220 f   priometh.obj
 0001:00005250       _PR_Seek                   10006250 f   priometh.obj
 0001:00005280       _PR_Seek64                 10006280 f   priometh.obj
 0001:000052b0       _PR_Available              100062b0 f   priometh.obj
 0001:000052d0       _PR_Available64            100062d0 f   priometh.obj
 0001:000052f0       _PR_GetOpenFileInfo        100062f0 f   priometh.obj
 0001:00005310       _PR_GetOpenFileInfo64      10006310 f   priometh.obj
 0001:00005330       _PR_Sync                   10006330 f   priometh.obj
 0001:00005350       _PR_Connect                10006350 f   priometh.obj
 0001:00005380       _PR_ConnectContinue        10006380 f   priometh.obj
 0001:000053b0       _PR_Accept                 100063b0 f   priometh.obj
 0001:000053e0       _PR_Bind                   100063e0 f   priometh.obj
 0001:00005400       _PR_Shutdown               10006400 f   priometh.obj
 0001:00005420       _PR_Listen                 10006420 f   priometh.obj
 0001:00005440       _PR_Recv                   10006440 f   priometh.obj
 0001:00005470       _PR_Send                   10006470 f   priometh.obj
 0001:000054a0       _PR_Writev                 100064a0 f   priometh.obj
 0001:000054f0       _PR_RecvFrom               100064f0 f   priometh.obj
 0001:00005530       _PR_SendTo                 10006530 f   priometh.obj
 0001:00005570       _PR_TransmitFile           10006570 f   priometh.obj
 0001:000055b0       _PR_AcceptRead             100065b0 f   priometh.obj
 0001:000055f0       _PR_GetSockName            100065f0 f   priometh.obj
 0001:00005610       _PR_GetPeerName            10006610 f   priometh.obj
 0001:00005630       _PR_GetSocketOption        10006630 f   priometh.obj
 0001:00005650       _PR_SetSocketOption        10006650 f   priometh.obj
 0001:00005670       _PR_SendFile               10006670 f   priometh.obj
 0001:000056a0       _PR_EmulateAcceptRead      100066a0 f   priometh.obj
 0001:000057a0       _PR_EmulateSendFile        100067a0 f   priometh.obj
 0001:00005d30       __pr_ipv6_is_present       10006d30 f   pripv6.obj
 0001:000068d0       __pr_push_ipv6toipv4_layer 100078d0 f   pripv6.obj
 0001:000069b0       _pl_FDDestructor           100079b0 f   prlayer.obj
 0001:00007ce0       _PR_GetDefaultIOMethods    10008ce0 f   prlayer.obj
 0001:00007cf0       _PR_CreateIOLayerStub      10008cf0 f   prlayer.obj
 0001:00007db0       _PR_CreateIOLayer          10008db0 f   prlayer.obj
 0001:00007e80       _PR_PushIOLayer            10008e80 f   prlayer.obj
 0001:00008070       _PR_PopIOLayer             10009070 f   prlayer.obj
 0001:00008280       _PR_GetUniqueIdentity      10009280 f   prlayer.obj
 0001:000085d0       _PR_GetNameForIdentity     100095d0 f   prlayer.obj
 0001:00008660       _PR_GetLayersIdentity      10009660 f   prlayer.obj
 0001:000086e0       _PR_GetIdentitiesLayer     100096e0 f   prlayer.obj
 0001:00008780       __PR_InitLayerCache        10009780 f   prlayer.obj
 0001:000087e0       __PR_CleanupLayerCache     100097e0 f   prlayer.obj
 0001:000088a0       __PR_InitLog               100098a0 f   prlog.obj
 0001:00008ba0       __PR_LogCleanup            10009ba0 f   prlog.obj
 0001:00008cc0       _PR_NewLogModule           10009cc0 f   prlog.obj
 0001:00008ec0       _PR_SetLogFile             10009ec0 f   prlog.obj
 0001:00008fa0       _PR_SetLogBuffering        10009fa0 f   prlog.obj
 0001:00009020       _PR_LogPrint               1000a020 f   prlog.obj
 0001:00009c80       _PR_LogFlush               1000ac80 f   prlog.obj
 0001:00009fa0       _PR_Abort                  1000afa0 f   prlog.obj
 0001:00009fc0       _PR_Assert                 1000afc0 f   prlog.obj
 0001:0000a000       _PR_CreateFileMap          1000b000 f   prmmap.obj
 0001:0000a0d0       _PR_GetMemMapAlignment     1000b0d0 f   prmmap.obj
 0001:0000a0e0       _PR_MemMap                 1000b0e0 f   prmmap.obj
 0001:0000a110       _PR_MemUnmap               1000b110 f   prmmap.obj
 0001:0000a130       _PR_CloseFileMap           1000b130 f   prmmap.obj
 0001:0000a180       _PR_NewPollableEvent       1000b180 f   prpolevt.obj
 0001:0000a430       _PR_DestroyPollableEvent   1000b430 f   prpolevt.obj
 0001:0000a450       _PR_SetPollableEvent       1000b450 f   prpolevt.obj
 0001:0000a490       _PR_WaitForPollableEvent   1000b490 f   prpolevt.obj
 0001:0000a550       _PR_sxprintf               1000b550 f   prprf.obj
 0001:0000a5a0       _PR_vsxprintf              1000b5a0 f   prprf.obj
 0001:0000c6e0       _PR_smprintf               1000d6e0 f   prprf.obj
 0001:0000c720       _PR_smprintf_free          1000d720 f   prprf.obj
 0001:0000c740       _PR_vsmprintf              1000d740 f   prprf.obj
 0001:0000c920       _PR_snprintf               1000d920 f   prprf.obj
 0001:0000c970       _PR_vsnprintf              1000d970 f   prprf.obj
 0001:0000cab0       _PR_sprintf_append         1000dab0 f   prprf.obj
 0001:0000caf0       _PR_vsprintf_append        1000daf0 f   prprf.obj
 0001:0000cbb0       _PR_sscanf                 1000dbb0 f   prscanf.obj
 0001:0000e630       _PR_fprintf                1000f630 f   prstdio.obj
 0001:0000e670       _PR_vfprintf               1000f670 f   prstdio.obj
 0001:0000e6f0       __PR_InitCMon              1000f6f0 f   prcmon.obj
 0001:0000ea20       __PR_CleanupCMon           1000fa20 f   prcmon.obj
 0001:0000eb40       _PR_CEnterMonitor          1000fb40 f   prcmon.obj
 0001:0000eda0       _PR_CExitMonitor           1000fda0 f   prcmon.obj
 0001:0000ef10       _PR_CWait                  1000ff10 f   prcmon.obj
 0001:0000efa0       _PR_CNotify                1000ffa0 f   prcmon.obj
 0001:0000f030       _PR_CNotifyAll             10010030 f   prcmon.obj
 0001:0000f0c0       _PR_CSetOnMonitorRecycle   100100c0 f   prcmon.obj
 0001:0000f0d0       _PR_NewRWLock              100100d0 f   prrwlock.obj
 0001:0000f2a0       _PR_DestroyRWLock          100102a0 f   prrwlock.obj
 0001:0000f340       _PR_RWLock_Rlock           10010340 f   prrwlock.obj
 0001:0000f420       _PR_RWLock_Wlock           10010420 f   prrwlock.obj
 0001:0000f560       _PR_RWLock_Unlock          10010560 f   prrwlock.obj
 0001:0000f6d0       __PR_InitRWLocks           100106d0 f   prrwlock.obj
 0001:0000f970       __PR_InitTPD               10010970 f   prtpd.obj
 0001:0000f9d0       __PR_CleanupTPD            100109d0 f   prtpd.obj
 0001:0000f9e0       _PR_NewThreadPrivateIndex  100109e0 f   prtpd.obj
 0001:0000fac0       _PR_SetThreadPrivate       10010ac0 f   prtpd.obj
 0001:0000fcd0       _PR_GetThreadPrivate       10010cd0 f   prtpd.obj
 0001:0000fd30       __PR_DestroyThreadPrivate  10010d30 f   prtpd.obj
 0001:0000fe60       __PR_InitLinker            10010e60 f   prlink.obj
 0001:0000ff60       __PR_ShutdownLinker        10010f60 f   prlink.obj
 0001:0000ffb0       _PR_SetLibraryPath         10010fb0 f   prlink.obj
 0001:00010070       _PR_GetLibraryPath         10011070 f   prlink.obj
 0001:00010150       _PR_GetLibraryName         10011150 f   prlink.obj
 0001:00010210       _PR_FreeLibraryName        10011210 f   prlink.obj
 0001:00010230       _PR_LoadLibraryWithFlags   10011230 f   prlink.obj
 0001:000102b0       _PR_LoadLibrary            100112b0 f   prlink.obj
 0001:00010850       _PR_UnloadLibrary          10011850 f   prlink.obj
 0001:00010ac0       _PR_FindSymbol             10011ac0 f   prlink.obj
 0001:00010c30       _PR_FindFunctionSymbol     10011c30 f   prlink.obj
 0001:00010c50       _PR_FindSymbolAndLibrary   10011c50 f   prlink.obj
 0001:00010d50       _PR_FindFunctionSymbolAndLibrary 10011d50 f   prlink.obj
 0001:00010d70       _PR_LoadStaticLibrary      10011d70 f   prlink.obj
 0001:00010f20       _PR_GetLibraryFilePathname 10011f20 f   prlink.obj
 0001:000110b0       _PR_Malloc                 100120b0 f   prmem.obj
 0001:000110d0       _PR_Calloc                 100120d0 f   prmem.obj
 0001:000110f0       _PR_Realloc                100120f0 f   prmem.obj
 0001:00011110       _PR_Free                   10012110 f   prmem.obj
 0001:00011130       _PR_GetPageShift           10012130 f   prosdep.obj
 0001:00011290       _PR_GetPageSize            10012290 f   prosdep.obj
 0001:000112b0       _PR_OpenSharedMemory       100122b0 f   prshm.obj
 0001:000112f0       _PR_AttachSharedMemory     100122f0 f   prshm.obj
 0001:00011310       _PR_DetachSharedMemory     10012310 f   prshm.obj
 0001:00011330       _PR_CloseSharedMemory      10012330 f   prshm.obj
 0001:00011350       _PR_DeleteSharedMemory     10012350 f   prshm.obj
 0001:00011380       _PR_OpenAnonFileMap        10012380 f   prshma.obj
 0001:000113a0       _PR_ProcessAttrSetInheritableFileMap 100123a0 f   prshma.obj
 0001:000113c0       _PR_GetInheritedFileMap    100123c0 f   prshma.obj
 0001:000113f0       _PR_ExportFileMapAsString  100123f0 f   prshma.obj
 0001:00011410       _PR_ImportFileMapFromString 10012410 f   prshma.obj
 0001:00011430       __PR_InitSegs              10012430 f   prseg.obj
 0001:00011440       __PR_NewSegment            10012440 f   prseg.obj
 0001:000114b0       __PR_DestroySegment        100124b0 f   prseg.obj
 0001:000114d0       _PR_CreateAlarm            100124d0 f   pralarm.obj
 0001:00011970       _PR_DestroyAlarm           10012970 f   pralarm.obj
 0001:00011a30       _PR_SetAlarm               10012a30 f   pralarm.obj
 0001:00011b50       _PR_ResetAlarm             10012b50 f   pralarm.obj
 0001:00011bb0       __PR_InitAtomic            10012bb0 f   pratom.obj
 0001:00011bc0       _PR_AtomicIncrement        10012bc0 f   pratom.obj
 0001:00011be0       _PR_AtomicDecrement        10012be0 f   pratom.obj
 0001:00011c00       _PR_AtomicSet              10012c00 f   pratom.obj
 0001:00011c20       _PR_AtomicAdd              10012c20 f   pratom.obj
 0001:00011c40       _PR_CreateStack            10012c40 f   pratom.obj
 0001:00011d10       _PR_DestroyStack           10012d10 f   pratom.obj
 0001:00011d80       _PR_CreateCounter          10012d80 f   prcountr.obj
 0001:000121f0       _PR_DestroyCounter         100131f0 f   prcountr.obj
 0001:00012370       _PR_GetCounterHandleFromName 10013370 f   prcountr.obj
 0001:000124b0       _PR_GetCounterNameFromHandle 100134b0 f   prcountr.obj
 0001:00012540       _PR_IncrementCounter       10013540 f   prcountr.obj
 0001:000125b0       _PR_DecrementCounter       100135b0 f   prcountr.obj
 0001:00012620       _PR_AddToCounter           10013620 f   prcountr.obj
 0001:00012690       _PR_SubtractFromCounter    10013690 f   prcountr.obj
 0001:00012700       _PR_GetCounter             10013700 f   prcountr.obj
 0001:00012740       _PR_SetCounter             10013740 f   prcountr.obj
 0001:00012790       _PR_FindNextCounterQname   10013790 f   prcountr.obj
 0001:00012830       _PR_FindNextCounterRname   10013830 f   prcountr.obj
 0001:000128e0       __PR_InitDtoa              100138e0 f   prdtoa.obj
 0001:00012900       __PR_CleanupDtoa           10013900 f   prdtoa.obj
 0001:00012950       _PR_strtod                 10013950 f   prdtoa.obj
 0001:00015560       _freedtoa                  10016560 f   prdtoa.obj
 0001:000155b0       _PR_dtoa                   100165b0 f   prdtoa.obj
 0001:00017210       _PR_cnvtf                  10018210 f   prdtoa.obj
 0001:000175d0       __PR_InitEnv               100185d0 f   prenv.obj
 0001:000175f0       __PR_CleanupEnv            100185f0 f   prenv.obj
 0001:00017620       _PR_GetEnv                 10018620 f   prenv.obj
 0001:00017690       _PR_SetEnv                 10018690 f   prenv.obj
 0001:00017720       _nspr_InitializePRErrorTable 10018720 f   prerr.obj
 0001:00017740       _PR_GetError               10018740 f   prerror.obj
 0001:00017760       _PR_GetOSError             10018760 f   prerror.obj
 0001:00017780       _PR_SetError               10018780 f   prerror.obj
 0001:000177c0       _PR_SetErrorText           100187c0 f   prerror.obj
 0001:000178e0       _PR_GetErrorTextLength     100188e0 f   prerror.obj
 0001:00017900       _PR_GetErrorText           10018900 f   prerror.obj
 0001:00017950       _PR_ErrorToString          10018950 f   prerrortable.obj
 0001:00017c40       _PR_ErrorToName            10018c40 f   prerrortable.obj
 0001:00017cc0       _PR_ErrorLanguages         10018cc0 f   prerrortable.obj
 0001:00017cd0       _PR_ErrorInstallTable      10018cd0 f   prerrortable.obj
 0001:00017d60       _PR_ErrorInstallCallback   10018d60 f   prerrortable.obj
 0001:00017e60       _PR_VersionCheck           10018e60 f   prinit.obj
 0001:00017fd0       _PR_Initialized            10018fd0 f   prinit.obj
 0001:00017fe0       __PR_ImplicitInitialization 10018fe0 f   prinit.obj
 0001:000182b0       _PR_DisableClockInterrupts 100192b0 f   prinit.obj
 0001:000182d0       _PR_EnableClockInterrupts  100192d0 f   prinit.obj
 0001:000182f0       _PR_BlockClockInterrupts   100192f0 f   prinit.obj
 0001:00018300       _PR_UnblockClockInterrupts 10019300 f   prinit.obj
 0001:00018310       _PR_Init                   10019310 f   prinit.obj
 0001:00018320       _PR_Initialize             10019320 f   prinit.obj
 0001:00018350       _PR_Cleanup                10019350 f   prinit.obj
 0001:000185f0       _PR_ProcessExit            100195f0 f   prinit.obj
 0001:00018610       _PR_NewProcessAttr         10019610 f   prinit.obj
 0001:00018650       _PR_ResetProcessAttr       10019650 f   prinit.obj
 0001:000186c0       _PR_DestroyProcessAttr     100196c0 f   prinit.obj
 0001:00018740       _PR_ProcessAttrSetStdioRedirect 10019740 f   prinit.obj
 0001:000187b0       _PR_SetStdioRedirect       100197b0 f   prinit.obj
 0001:00018800       _PR_ProcessAttrSetCurrentDirectory 10019800 f   prinit.obj
 0001:000188a0       _PR_ProcessAttrSetInheritableFD 100198a0 f   prinit.obj
 0001:00018ae0       _PR_GetInheritedFD         10019ae0 f   prinit.obj
 0001:00018d30       _PR_CreateProcess          10019d30 f   prinit.obj
 0001:00018d60       _PR_CreateProcessDetached  10019d60 f   prinit.obj
 0001:00018e00       _PR_DetachProcess          10019e00 f   prinit.obj
 0001:00018e20       _PR_WaitProcess            10019e20 f   prinit.obj
 0001:00018e40       _PR_KillProcess            10019e40 f   prinit.obj
 0001:00018ee0       __PR_CleanupCallOnce       10019ee0 f   prinit.obj
 0001:00018f30       _PR_CallOnce               10019f30 f   prinit.obj
 0001:00019030       _PR_CallOnceWithArg        1001a030 f   prinit.obj
 0001:00019140       __PR_Obsolete              1001a140 f   prinit.obj
 0001:00019190       __PR_InitClock             1001a190 f   prinrval.obj
 0001:00019200       _PR_IntervalNow            1001a200 f   prinrval.obj
 0001:00019220       _PR_TicksPerSecond         1001a220 f   prinrval.obj
 0001:00019240       _PR_SecondsToInterval      1001a240 f   prinrval.obj
 0001:00019260       _PR_MillisecondsToInterval 1001a260 f   prinrval.obj
 0001:00019320       _PR_MicrosecondsToInterval 1001a320 f   prinrval.obj
 0001:000193e0       _PR_IntervalToSeconds      1001a3e0 f   prinrval.obj
 0001:00019400       _PR_IntervalToMilliseconds 1001a400 f   prinrval.obj
 0001:000194c0       _PR_IntervalToMicroseconds 1001a4c0 f   prinrval.obj
 0001:00019580       __PR_MakeNativeIPCName     1001a580 f   pripc.obj
 0001:00019650       _PR_CeilingLog2            1001a650 f   prlog2.obj
 0001:00019720       _PR_FloorLog2              1001a720 f   prlog2.obj
 0001:000197e0       _LL_Zero                   1001a7e0 f   prlong.obj
 0001:00019800       _LL_MaxInt                 1001a800 f   prlong.obj
 0001:00019820       _LL_MinInt                 1001a820 f   prlong.obj
 0001:00019840       _LL_MaxUint                1001a840 f   prlong.obj
 0001:00019860       __PR_InitNet               1001a860 f   prnetdb.obj
 0001:00019880       __PR_CleanupNet            1001a880 f   prnetdb.obj
 0001:000198b0       _PR_GetHostByName          1001a8b0 f   prnetdb.obj
 0001:00019f20       _PR_GetIPNodeByName        1001af20 f   prnetdb.obj
 0001:0001a020       _PR_GetHostByAddr          1001b020 f   prnetdb.obj
 0001:0001a330       _PR_GetProtoByName         1001b330 f   prnetdb.obj
 0001:0001a630       _PR_GetProtoByNumber       1001b630 f   prnetdb.obj
 0001:0001a740       __PR_NetAddrSize           1001b740 f   prnetdb.obj
 0001:0001a790       _PR_EnumerateHostEnt       1001b790 f   prnetdb.obj
 0001:0001a8c0       _PR_InitializeNetAddr      1001b8c0 f   prnetdb.obj
 0001:0001a990       _PR_SetNetAddr             1001b990 f   prnetdb.obj
 0001:0001ab80       _PR_IsNetAddrType          1001bb80 f   prnetdb.obj
 0001:0001ae20       _PR_ConvertIPv4AddrToIPv6  1001be20 f   prnetdb.obj
 0001:0001ae80       _PR_ntohs                  1001be80 f   prnetdb.obj
 0001:0001aea0       _PR_ntohl                  1001bea0 f   prnetdb.obj
 0001:0001aec0       _PR_htons                  1001bec0 f   prnetdb.obj
 0001:0001aee0       _PR_htonl                  1001bee0 f   prnetdb.obj
 0001:0001af00       _PR_ntohll                 1001bf00 f   prnetdb.obj
 0001:0001afb0       _PR_htonll                 1001bfb0 f   prnetdb.obj
 0001:0001b060       __pr_find_getaddrinfo      1001c060 f   prnetdb.obj
 0001:0001b170       _PR_GetAddrInfoByName      1001c170 f   prnetdb.obj
 0001:0001b340       _PR_FreeAddrInfo           1001c340 f   prnetdb.obj
 0001:0001b370       _PR_EnumerateAddrInfo      1001c370 f   prnetdb.obj
 0001:0001b4d0       _PR_GetCanonNameFromAddrInfo 1001c4d0 f   prnetdb.obj
 0001:0001b530       _PR_StringToNetAddr        1001c530 f   prnetdb.obj
 0001:0001bd30       _PR_NetAddrToString        1001cd30 f   prnetdb.obj
 0001:0001c8d0       _PR_CreateOrderedLock      1001d8d0 f   prolock.obj
 0001:0001c920       _PR_DestroyOrderedLock     1001d920 f   prolock.obj
 0001:0001c960       _PR_LockOrderedLock        1001d960 f   prolock.obj
 0001:0001c9a0       _PR_UnlockOrderedLock      1001d9a0 f   prolock.obj
 0001:0001c9f0       __pr_CopyLowBits           1001d9f0 f   prrng.obj
 0001:0001ca40       _PR_GetRandomNoise         1001da40 f   prrng.obj
 0001:0001ca60       _PR_GetDirectorySeparator  1001da60 f   prsystem.obj
 0001:0001ca70       _PR_GetDirectorySepartor   1001da70 f   prsystem.obj
 0001:0001cab0       _PR_GetPathSeparator       1001dab0 f   prsystem.obj
 0001:0001cac0       _PR_GetSystemInfo          1001dac0 f   prsystem.obj
 0001:0001cc30       _PR_GetNumberOfProcessors  1001dc30 f   prsystem.obj
 0001:0001cc60       _PR_GetPhysicalMemorySize  1001dc60 f   prsystem.obj
 0001:0001cd30       _PR_GetGCRegisters         1001dd30 f   prthinfo.obj
 0001:0001cd50       _PR_ThreadScanStackPointers 1001dd50 f   prthinfo.obj
 0001:0001cf20       _PR_ScanStackPointers      1001df20 f   prthinfo.obj
 0001:0001cf80       _PR_GetStackSpaceLeft      1001df80 f   prthinfo.obj
 0001:0001d040       _PR_CreateThreadPool       1001e040 f   prtpool.obj
 0001:0001e620       _PR_QueueJob               1001f620 f   prtpool.obj
 0001:0001e730       _PR_QueueJob_Read          1001f730 f   prtpool.obj
 0001:0001ea50       _PR_QueueJob_Write         1001fa50 f   prtpool.obj
 0001:0001ea80       _PR_QueueJob_Accept        1001fa80 f   prtpool.obj
 0001:0001eab0       _PR_QueueJob_Connect       1001fab0 f   prtpool.obj
 0001:0001eb60       _PR_QueueJob_Timer         1001fb60 f   prtpool.obj
 0001:0001edc0       _PR_CancelJob              1001fdc0 f   prtpool.obj
 0001:0001f100       _PR_JoinJob                10020100 f   prtpool.obj
 0001:0001f190       _PR_ShutdownThreadPool     10020190 f   prtpool.obj
 0001:0001f1f0       _PR_JoinThreadPool         100201f0 f   prtpool.obj
 0001:0001f730       _PR_CreateTrace            10020730 f   prtrace.obj
 0001:0001fe20       _PR_DestroyTrace           10020e20 f   prtrace.obj
 0001:0001ffa0       _PR_Trace                  10020fa0 f   prtrace.obj
 0001:00020150       _PR_SetTraceOption         10021150 f   prtrace.obj
 0001:00020550       _PR_GetTraceOption         10021550 f   prtrace.obj
 0001:000205f0       _PR_GetTraceHandleFromName 100215f0 f   prtrace.obj
 0001:00020730       _PR_GetTraceNameFromHandle 10021730 f   prtrace.obj
 0001:000207c0       _PR_FindNextTraceQname     100217c0 f   prtrace.obj
 0001:00020860       _PR_FindNextTraceRname     10021860 f   prtrace.obj
 0001:00020910       _PR_RecordTraceEntries     10021910 f   prtrace.obj
 0001:00020f40       _PR_GetTraceEntries        10021f40 f   prtrace.obj
 0001:000211e0       _PR_ExplodeTime            100221e0 f   prtime.obj
 0001:000215f0       _PR_ImplodeTime            100225f0 f   prtime.obj
 0001:00021b80       _PR_NormalizeTime          10022b80 f   prtime.obj
 0001:000220d0       __PR_InitTime              100230d0 f   prtime.obj
 0001:000220f0       __PR_CleanupTime           100230f0 f   prtime.obj
 0001:00022120       _PR_LocalTimeParameters    10023120 f   prtime.obj
 0001:00022490       _PR_USPacificTimeParameters 10023490 f   prtime.obj
 0001:000226f0       _PR_GMTParameters          100236f0 f   prtime.obj
 0001:00022720       _PR_ParseTimeStringToExplodedTime 10023720 f   prtime.obj
 0001:00024610       _PR_ParseTimeString        10025610 f   prtime.obj
 0001:00024670       _PR_FormatTime             10025670 f   prtime.obj
 0001:00024760       _PR_FormatTimeUSEnglish    10025760 f   prtime.obj
 0001:00025970       _PR_OpenDir                10026970 f   prdir.obj
 0001:000259f0       _PR_ReadDir                100269f0 f   prdir.obj
 0001:00025a30       _PR_CloseDir               10026a30 f   prdir.obj
 0001:00025a90       _PR_MkDir                  10026a90 f   prdir.obj
 0001:00025ad0       _PR_MakeDir                10026ad0 f   prdir.obj
 0001:00025b20       _PR_RmDir                  10026b20 f   prdir.obj
 0001:000261d0       _PR_GetFileMethods         100271d0 f   prfile.obj
 0001:000261e0       _PR_GetPipeMethods         100271e0 f   prfile.obj
 0001:000261f0       _PR_Open                   100271f0 f   prfile.obj
 0001:000262b0       _PR_OpenFile               100272b0 f   prfile.obj
 0001:00026370       _PR_GetSysfdTableMax       10027370 f   prfile.obj
 0001:00026380       _PR_SetSysfdTableSize      10027380 f   prfile.obj
 0001:000263a0       _PR_Delete                 100273a0 f   prfile.obj
 0001:000263d0       _PR_GetFileInfo            100273d0 f   prfile.obj
 0001:00026410       _PR_GetFileInfo64          10027410 f   prfile.obj
 0001:00026460       _PR_Rename                 10027460 f   prfile.obj
 0001:000264a0       _PR_Access                 100274a0 f   prfile.obj
 0001:000264e0       _PR_ImportFile             100274e0 f   prfile.obj
 0001:00026550       _PR_ImportPipe             10027550 f   prfile.obj
 0001:000265d0       _PR_Stat                   100275d0 f   prfile.obj
 0001:00026600       _PR_LockFile               10027600 f   prfile.obj
 0001:00026770       _PR_TLockFile              10027770 f   prfile.obj
 0001:000268a0       _PR_UnlockFile             100278a0 f   prfile.obj
 0001:00026940       _PR_CreatePipe             10027940 f   prfile.obj
 0001:00026aa0       __PR_InitIO                10027aa0 f   prio.obj
 0001:00026bc0       __PR_CleanupIO             10027bc0 f   prio.obj
 0001:00026c80       _PR_GetSpecialFD           10027c80 f   prio.obj
 0001:00026d30       _PR_AllocFileDesc          10027d30 f   prio.obj
 0001:00026d90       _PR_FreeFileDesc           10027d90 f   prio.obj
 0001:00026dd0       _PR_Poll                   10027dd0 f   prio.obj
 0001:00026df0       _PR_SetFDInheritable       10027df0 f   prio.obj
 0001:00026e60       _PT_FPrintStats            10027e60 f   prio.obj
 0001:00026e70       _IsValidNetAddr            10027e70 f   prsocket.obj
 0001:000271e0       _PR_ImportTCPSocket        100281e0 f   prsocket.obj
 0001:00027270       _PR_ImportUDPSocket        10028270 f   prsocket.obj
 0001:000272f0       _PR_CreateSocketPollFd     100282f0 f   prsocket.obj
 0001:00027370       _PR_DestroySocketPollFd    10028370 f   prsocket.obj
 0001:00027610       _PR_GetConnectStatus       10028610 f   prsocket.obj
 0001:00027930       _PR_NTFast_Accept          10028930 f   prsocket.obj
 0001:00028840       _PR_NTFast_AcceptRead      10029840 f   prsocket.obj
 0001:00028a10       _PR_NTFast_AcceptRead_WithTimeoutCallback 10029a10 f   prsocket.obj
 0001:00028be0       _PR_NTFast_UpdateAcceptContext 10029be0 f   prsocket.obj
 0001:00028f10       _PR_GetTCPMethods          10029f10 f   prsocket.obj
 0001:00028f20       _PR_GetUDPMethods          10029f20 f   prsocket.obj
 0001:00028f40       __pr_test_ipv6_socket      10029f40 f   prsocket.obj
 0001:00028f90       _PR_Socket                 10029f90 f   prsocket.obj
 0001:00029100       _PR_NewTCPSocket           1002a100 f   prsocket.obj
 0001:00029130       _PR_NewUDPSocket           1002a130 f   prsocket.obj
 0001:00029160       _PR_OpenTCPSocket          1002a160 f   prsocket.obj
 0001:00029180       _PR_OpenUDPSocket          1002a180 f   prsocket.obj
 0001:000291a0       _PR_NewTCPSocketPair       1002a1a0 f   prsocket.obj
 0001:00029460       _PR_FileDesc2NativeHandle  1002a460 f   prsocket.obj
 0001:000294b0       _PR_ChangeFileDescNativeHandle 1002a4b0 f   prsocket.obj
 0001:000294d0       _PR_FD_ZERO                1002a4d0 f   prsocket.obj
 0001:000294f0       _PR_FD_SET                 1002a4f0 f   prsocket.obj
 0001:00029550       _PR_FD_CLR                 1002a550 f   prsocket.obj
 0001:000295f0       _PR_FD_ISSET               1002a5f0 f   prsocket.obj
 0001:00029640       _PR_FD_NSET                1002a640 f   prsocket.obj
 0001:000296b0       _PR_FD_NCLR                1002a6b0 f   prsocket.obj
 0001:00029770       _PR_FD_NISSET              1002a770 f   prsocket.obj
 0001:000297d0       _PR_Select                 1002a7d0 f   prsocket.obj
 0001:00029d60       _PR_OpenSemaphore          1002ad60 f   pripcsem.obj
 0001:00029df0       _PR_WaitSemaphore          1002adf0 f   pripcsem.obj
 0001:00029e10       _PR_PostSemaphore          1002ae10 f   pripcsem.obj
 0001:00029e30       _PR_CloseSemaphore         1002ae30 f   pripcsem.obj
 0001:00029e50       _PR_DeleteSemaphore        1002ae50 f   pripcsem.obj
 0001:00029ec0       __PR_CleanupThread         1002aec0 f   prcthr.obj
 0001:00029f60       _PR_Yield                  1002af60 f   prcthr.obj
 0001:00029fa0       _PR_Sleep                  1002afa0 f   prcthr.obj
 0001:0002a480       _PR_GetThreadID            1002b480 f   prcthr.obj
 0001:0002a4a0       _PR_GetThreadPriority      1002b4a0 f   prcthr.obj
 0001:0002a4b0       _PR_GetCurrentThread       1002b4b0 f   prcthr.obj
 0001:0002a4d0       _PR_Interrupt              1002b4d0 f   prcthr.obj
 0001:0002a740       _PR_ClearInterrupt         1002b740 f   prcthr.obj
 0001:0002a950       _PR_BlockInterrupt         1002b950 f   prcthr.obj
 0001:0002ab60       _PR_UnblockInterrupt       1002bb60 f   prcthr.obj
 0001:0002ad70       _PR_GetSP                  1002bd70 f   prcthr.obj
 0001:0002ad90       _GetExecutionEnvironment   1002bd90 f   prcthr.obj
 0001:0002ada0       _SetExecutionEnvironment   1002bda0 f   prcthr.obj
 0001:0002adc0       _PR_GetThreadAffinityMask  1002bdc0 f   prcthr.obj
 0001:0002ade0       _PR_SetThreadAffinityMask  1002bde0 f   prcthr.obj
 0001:0002ae00       _PR_SetCPUAffinityMask     1002be00 f   prcthr.obj
 0001:0002ae70       _PR_SetThreadRecycleMode   1002be70 f   prcthr.obj
 0001:0002ae80       _PR_CreateThreadGCAble     1002be80 f   prcthr.obj
 0001:0002aec0       _PR_AttachThreadGCAble     1002bec0 f   prcthr.obj
 0001:0002aee0       _PR_SetThreadGCAble        1002bee0 f   prcthr.obj
 0001:0002af50       _PR_ClearThreadGCAble      1002bf50 f   prcthr.obj
 0001:0002afc0       _PR_GetThreadScope         1002bfc0 f   prcthr.obj
 0001:0002b020       _PR_GetThreadType          1002c020 f   prcthr.obj
 0001:0002b040       _PR_GetThreadState         1002c040 f   prcthr.obj
 0001:0002b060       __PR_DumpPrintf            1002c060 f   prdump.obj
 0001:0002b0e0       __PR_DumpThread            1002c0e0 f   prdump.obj
 0001:0002b200       __PR_DumpThreads           1002c200 f   prdump.obj
 0001:0002b3a0       _PR_ShowStatus             1002c3a0 f   prdump.obj
 0001:0002b500       _PR_SetThreadDumpProc      1002c500 f   prdump.obj
 0001:0002b520       _PR_NewMonitor             1002c520 f   prmon.obj
 0001:0002b5e0       _PR_NewNamedMonitor        1002c5e0 f   prmon.obj
 0001:0002b610       _PR_DestroyMonitor         1002c610 f   prmon.obj
 0001:0002b660       _PR_EnterMonitor           1002c660 f   prmon.obj
 0001:0002b6c0       _PR_TestAndEnterMonitor    1002c6c0 f   prmon.obj
 0001:0002b730       _PR_ExitMonitor            1002c730 f   prmon.obj
 0001:0002b790       _PR_GetMonitorEntryCount   1002c790 f   prmon.obj
 0001:0002b7d0       _PR_AssertCurrentThreadInMonitor 1002c7d0 f   prmon.obj
 0001:0002b7f0       _PR_Wait                   1002c7f0 f   prmon.obj
 0001:0002b880       _PR_Notify                 1002c880 f   prmon.obj
 0001:0002b8d0       _PR_NotifyAll              1002c8d0 f   prmon.obj
 0001:0002b920       __PR_MonitorToString       1002c920 f   prmon.obj
 0001:0002b9c0       _PR_NewSem                 1002c9c0 f   prsem.obj
 0001:0002ba80       _PR_DestroySem             1002ca80 f   prsem.obj
 0001:0002baf0       _PR_WaitSem                1002caf0 f   prsem.obj
 0001:0002bba0       _PR_PostSem                1002cba0 f   prsem.obj
 0001:0002bc00       _PR_GetValueSem            1002cc00 f   prsem.obj
 0001:0002bc50       __PR_InitCPUs              1002cc50 f   prucpu.obj
 0001:0002bcd0       __PR_CleanupCPUs           1002ccd0 f   prucpu.obj
 0001:0002c6e0       _PR_SetConcurrency         1002d6e0 f   prucpu.obj
 0001:0002c7b0       __PR_GetPrimordialCPU      1002d7b0 f   prucpu.obj
 0001:0002c820       __PR_NotifyThread          1002d820 f   prucv.obj
 0001:0002cbc0       __PR_NotifyLockedThread    1002dbc0 f   prucv.obj
 0001:0002ce30       __PR_WaitCondVar           1002de30 f   prucv.obj
 0001:0002d460       __PR_NotifyCondVar         1002e460 f   prucv.obj
 0001:0002d740       __PR_CondVarToString       1002e740 f   prucv.obj
 0001:0002d7d0       __PR_ClockInterrupt        1002e7d0 f   prucv.obj
 0001:0002e030       _PR_NewCondVar             1002f030 f   prucv.obj
 0001:0002e110       _PR_DestroyCondVar         1002f110 f   prucv.obj
 0001:0002e170       _PR_WaitCondVar            1002f170 f   prucv.obj
 0001:0002e220       _PR_NotifyCondVar          1002f220 f   prucv.obj
 0001:0002e2c0       _PR_NotifyAllCondVar       1002f2c0 f   prucv.obj
 0001:0002e560       _PRP_NewNakedCondVar       1002f560 f   prucv.obj
 0001:0002e600       _PRP_DestroyNakedCondVar   1002f600 f   prucv.obj
 0001:0002e690       _PRP_NakedWait             1002f690 f   prucv.obj
 0001:0002e6f0       _PRP_NakedNotify           1002f6f0 f   prucv.obj
 0001:0002e750       _PRP_NakedBroadcast        1002f750 f   prucv.obj
 0001:0002e9d0       __PR_InitLocks             1002f9d0 f   prulock.obj
 0001:0002e9e0       __PR_IntsOn                1002f9e0 f   prulock.obj
 0001:0002ecd0       __PR_UnblockLockWaiter     1002fcd0 f   prulock.obj
 0001:0002eea0       _PR_NewLock                1002fea0 f   prulock.obj
 0001:0002ef50       _PR_DestroyLock            1002ff50 f   prulock.obj
 0001:0002efb0       _PR_Lock                   1002ffb0 f   prulock.obj
 0001:0002f480       _PR_Unlock                 10030480 f   prulock.obj
 0001:0002f860       _PR_AssertCurrentThreadOwnsLock 10030860 f   prulock.obj
 0001:0002f8b0       _PR_TestAndLock            100308b0 f   prulock.obj
 0001:0002fb60       _PRP_TryLock               10030b60 f   prulock.obj
 0001:0002fb80       __PR_InitStacks            10030b80 f   prustack.obj
 0001:0002fba0       __PR_CleanupStacks         10030ba0 f   prustack.obj
 0001:0002fbd0       __PR_NewStack              10030bd0 f   prustack.obj
 0001:0002ff50       __PR_FreeStack             10030f50 f   prustack.obj
 0001:00030010       __PR_InitThreads           10031010 f   pruthr.obj
 0001:000302c0       __PR_CleanupThreads        100312c0 f   pruthr.obj
 0001:000303f0       __PR_NotifyJoinWaiters     100313f0 f   pruthr.obj
 0001:000305e0       __PR_RecycleThread         100315e0 f   pruthr.obj
 0001:00030740       __PR_NativeDestroyThread   10031740 f   pruthr.obj
 0001:00030840       __PR_UserDestroyThread     10031840 f   pruthr.obj
 0001:00030930       __PR_NativeRunThread       10031930 f   pruthr.obj
 0001:00030cb0       __PR_SetThreadPriority     10031cb0 f   pruthr.obj
 0001:00031280       __PR_Schedule              10032280 f   pruthr.obj
 0001:000319d0       __PR_NativeCreateThread    100329d0 f   pruthr.obj
 0001:00031c40       __PR_CreateThread          10032c40 f   pruthr.obj
 0001:00032ed0       _PR_CreateThread           10033ed0 f   pruthr.obj
 0001:00032f10       __PRI_AttachThread         10033f10 f   pruthr.obj
 0001:00033420       _PR_AttachThread           10034420 f   pruthr.obj
 0001:00033430       _PR_DetachThread           10034430 f   pruthr.obj
 0001:00033440       __PRI_DetachThread         10034440 f   pruthr.obj
 0001:000335c0       _PR_JoinThread             100345c0 f   pruthr.obj
 0001:00033be0       _PR_SetThreadPriority      10034be0 f   pruthr.obj
 0001:00033c60       _PR_SuspendAll             10034c60 f   pruthr.obj
 0001:000342d0       _PR_ResumeAll              100352d0 f   pruthr.obj
 0001:00034960       _PR_EnumerateThreads       10035960 f   pruthr.obj
 0001:00034ab0       __PR_AddSleepQ             10035ab0 f   pruthr.obj
 0001:00034d40       __PR_DelSleepQ             10035d40 f   pruthr.obj
 0001:00034ec0       __PR_AddThreadToRunQ       10035ec0 f   pruthr.obj
 0001:00035090       __PR_MD_GET_ENV            10036090 f   ntmisc.obj
 0001:000350b0       __PR_MD_PUT_ENV            100360b0 f   ntmisc.obj
 0001:000350d0       _PR_Now                    100360d0 f   ntmisc.obj
 0001:00035120       __PR_CreateWindowsProcess  10036120 f   ntmisc.obj
 0001:00035b90       __PR_DetachWindowsProcess  10036b90 f   ntmisc.obj
 0001:00035bc0       __PR_WaitWindowsProcess    10036bc0 f   ntmisc.obj
 0001:00035ca0       __PR_KillWindowsProcess    10036ca0 f   ntmisc.obj
 0001:00035cf0       __MD_WindowsGetHostName    10036cf0 f   ntmisc.obj
 0001:00035d70       __MD_WindowsGetSysInfo     10036d70 f   ntmisc.obj
 0001:00035f90       __MD_WindowsGetReleaseName 10036f90 f   ntmisc.obj
 0001:00036090       __MD_CreateFileMap         10037090 f   ntmisc.obj
 0001:000361d0       __MD_GetMemMapAlignment    100371d0 f   ntmisc.obj
 0001:000361f0       __MD_MemMap                100371f0 f   ntmisc.obj
 0001:000362d0       __MD_MemUnmap              100372d0 f   ntmisc.obj
 0001:00036310       __MD_CloseFileMap          10037310 f   ntmisc.obj
 0001:00036340       __PR_MD_ATOMIC_INCREMENT   10037340 f   ntmisc.obj
 0001:00036360       __PR_MD_ATOMIC_DECREMENT   10037360 f   ntmisc.obj
 0001:00036380       __PR_MD_ATOMIC_ADD         10037380 f   ntmisc.obj
 0001:000363a0       _PR_StackPush              100373a0 f   ntmisc.obj
 0001:000363d0       _PR_StackPop               100373d0 f   ntmisc.obj
 0001:00036410       __PR_NT_InitSids           10037410 f   ntsec.obj
 0001:00036710       __PR_NT_FreeSids           10037710 f   ntsec.obj
 0001:00036770       __PR_NT_MakeSecurityDescriptorACL 10037770 f   ntsec.obj
 0001:00036b60       __PR_NT_FreeSecurityDescriptorACL 10037b60 f   ntsec.obj
 0001:00036ba0       __PR_MD_NEW_SEM            10037ba0 f   ntsem.obj
 0001:00036bd0       __PR_MD_DESTROY_SEM        10037bd0 f   ntsem.obj
 0001:00036bf0       __PR_MD_TIMED_WAIT_SEM     10037bf0 f   ntsem.obj
 0001:00036c30       __PR_MD_WAIT_SEM           10037c30 f   ntsem.obj
 0001:00036c50       __PR_MD_POST_SEM           10037c50 f   ntsem.obj
 0001:00036c70       __PR_MD_INTERVAL_INIT      10037c70 f   ntinrval.obj
 0001:00036c80       __PR_MD_GET_INTERVAL       10037c80 f   ntinrval.obj
 0001:00036c90       __PR_MD_INTERVAL_PER_SEC   10037c90 f   ntinrval.obj
 0001:00036ca0       __MD_HomeGCRegisters       10037ca0 f   ntgc.obj
 0001:00036ed0       _GetMyFiberID              10037ed0 f   ntgc.obj
 0001:00036ef0       __PR_MD_PAUSE_CPU          10037ef0 f   ntio.obj
 0001:00037ba0       __PR_MD_WAIT               10038ba0 f   ntio.obj
 0001:00038020       __PR_Unblock_IO_Wait       10039020 f   ntio.obj
 0001:00038210       __PR_MD_WAKEUP_WAITER      10039210 f   ntio.obj
 0001:00038350       __PR_MD_INIT_IO            10039350 f   ntio.obj
 0001:00038670       __md_Associate             10039670 f   ntio.obj
 0001:000386d0       __PR_MD_SOCKET             100396d0 f   ntio.obj
 0001:00038710       __PR_MD_connect_thread     10039710 f   ntio.obj
 0001:00038760       __PR_MD_CONNECT            10039760 f   ntio.obj
 0001:00038950       __PR_MD_BIND               10039950 f   ntio.obj
 0001:000389a0       __PR_MD_UPDATE_ACCEPT_CONTEXT 100399a0 f   ntio.obj
 0001:000389d0       __PR_MD_FAST_ACCEPT        100399d0 f   ntio.obj
 0001:000398e0       __PR_MD_FAST_ACCEPT_READ   1003a8e0 f   ntio.obj
 0001:0003a3c0       __PR_MD_SENDFILE           1003b3c0 f   ntio.obj
 0001:0003aa20       __PR_MD_RECV               1003ba20 f   ntio.obj
 0001:0003af30       __PR_MD_SEND               1003bf30 f   ntio.obj
 0001:0003b410       __PR_MD_SENDTO             1003c410 f   ntio.obj
 0001:0003b500       __PR_MD_RECVFROM           1003c500 f   ntio.obj
 0001:0003b5f0       __PR_MD_WRITEV             1003c5f0 f   ntio.obj
 0001:0003b740       __PR_MD_LISTEN             1003c740 f   ntio.obj
 0001:0003b790       __PR_MD_SHUTDOWN           1003c790 f   ntio.obj
 0001:0003b7e0       __PR_MD_GETSOCKNAME        1003c7e0 f   ntio.obj
 0001:0003b830       __PR_MD_GETPEERNAME        1003c830 f   ntio.obj
 0001:0003b960       __PR_MD_GETSOCKOPT         1003c960 f   ntio.obj
 0001:0003b9c0       __PR_MD_SETSOCKOPT         1003c9c0 f   ntio.obj
 0001:0003ba20       __PR_MD_OPEN               1003ca20 f   ntio.obj
 0001:0003bbb0       __PR_MD_OPEN_FILE          1003cbb0 f   ntio.obj
 0001:0003bdc0       __PR_MD_READ               1003cdc0 f   ntio.obj
 0001:0003c4d0       __PR_MD_WRITE              1003d4d0 f   ntio.obj
 0001:0003cba0       __PR_MD_SOCKETAVAILABLE    1003dba0 f   ntio.obj
 0001:0003cbf0       __PR_MD_PIPEAVAILABLE      1003dbf0 f   ntio.obj
 0001:0003cc30       __PR_MD_LSEEK              1003dc30 f   ntio.obj
 0001:0003cce0       __PR_MD_LSEEK64            1003dce0 f   ntio.obj
 0001:0003cdd0       __PR_MD_FSYNC              1003ddd0 f   ntio.obj
 0001:0003ce30       __PR_MD_CLOSE              1003de30 f   ntio.obj
 0001:0003d030       __PR_MD_SET_FD_INHERITABLE 1003e030 f   ntio.obj
 0001:0003d0b0       __PR_MD_INIT_FD_INHERITABLE 1003e0b0 f   ntio.obj
 0001:0003d0e0       __PR_MD_QUERY_FD_INHERITABLE 1003e0e0 f   ntio.obj
 0001:0003d180       _FlipSlashes               1003e180 f   ntio.obj
 0001:0003d1c0       __PR_MD_CLOSE_DIR          1003e1c0 f   ntio.obj
 0001:0003d230       __PR_MD_OPEN_DIR           1003e230 f   ntio.obj
 0001:0003d390       __PR_MD_READ_DIR           1003e390 f   ntio.obj
 0001:0003d500       __PR_MD_DELETE             1003e500 f   ntio.obj
 0001:0003d540       __PR_FileTimeToPRTime      1003e540 f   ntio.obj
 0001:0003d6d0       __PR_MD_STAT               1003e6d0 f   ntio.obj
 0001:0003d840       __PR_MD_GETFILEINFO64      1003e840 f   ntio.obj
 0001:0003d970       __PR_MD_GETFILEINFO        1003e970 f   ntio.obj
 0001:0003d9e0       __PR_MD_GETOPENFILEINFO64  1003e9e0 f   ntio.obj
 0001:0003dac0       __PR_MD_GETOPENFILEINFO    1003eac0 f   ntio.obj
 0001:0003db70       __PR_MD_RENAME             1003eb70 f   ntio.obj
 0001:0003dbb0       __PR_MD_ACCESS             1003ebb0 f   ntio.obj
 0001:0003dc70       __PR_MD_MKDIR              1003ec70 f   ntio.obj
 0001:0003dcb0       __PR_MD_MAKE_DIR           1003ecb0 f   ntio.obj
 0001:0003dd80       __PR_MD_RMDIR              1003ed80 f   ntio.obj
 0001:0003ddc0       __PR_MD_LOCKFILE           1003edc0 f   ntio.obj
 0001:0003e1d0       __PR_MD_TLOCKFILE          1003f1d0 f   ntio.obj
 0001:0003e6f0       __PR_MD_UNLOCKFILE         1003f6f0 f   ntio.obj
 0001:0003e7a0       __PR_MD_MAKE_NONBLOCK      1003f7a0 f   ntio.obj
 0001:0003e7b0       _IsFileLocalInit           1003f7b0 f   ntio.obj
 0001:0003ea40       _IsFileLocal               1003fa40 f   ntio.obj
 0001:0003ec20       _PR_NT_CancelIo            1003fc20 f   ntio.obj
 0001:00040f30       __nt_handle_restarted_io   10041f30 f   ntthread.obj
 0001:00041200       __PR_MD_EARLY_INIT         10042200 f   ntthread.obj
 0001:00041290       __PR_MD_CLEANUP_BEFORE_EXIT 10042290 f   ntthread.obj
 0001:00041300       __PR_MD_INIT_THREAD        10042300 f   ntthread.obj
 0001:00041400       __PR_MD_CREATE_THREAD      10042400 f   ntthread.obj
 0001:000415a0       __PR_MD_JOIN_THREAD        100425a0 f   ntthread.obj
 0001:000415f0       __PR_MD_END_THREAD         100425f0 f   ntthread.obj
 0001:00041610       __PR_MD_YIELD              10042610 f   ntthread.obj
 0001:00041620       __PR_MD_SET_PRIORITY       10042620 f   ntthread.obj
 0001:00041720       __PR_MD_CLEAN_THREAD       10042720 f   ntthread.obj
 0001:00041940       __PR_MD_EXIT_THREAD        10042940 f   ntthread.obj
 0001:00041b40       __PR_MD_EXIT               10042b40 f   ntthread.obj
 0001:00041b60       __pr_fiber_mainline        10042b60 f   ntthread.obj
 0001:00041c50       __PR_MD_CREATE_USER_THREAD 10042c50 f   ntthread.obj
 0001:00041cd0       __PR_MD_CREATE_PRIMORDIAL_USER_THREAD 10042cd0 f   ntthread.obj
 0001:00041dc0       __PR_MD_INIT_CONTEXT       10042dc0 f   ntthread.obj
 0001:00041e70       __PR_MD_SWITCH_CONTEXT     10042e70 f   ntthread.obj
 0001:00041ed0       __PR_MD_RESTORE_CONTEXT    10042ed0 f   ntthread.obj
 0001:000420b0       __PR_MD_SETTHREADAFFINITYMASK 100430b0 f   ntthread.obj
 0001:000420f0       __PR_MD_GETTHREADAFFINITYMASK 100430f0 f   ntthread.obj
 0001:00042130       __PR_MD_SUSPEND_CPU        10043130 f   ntthread.obj
 0001:00042150       __PR_MD_RESUME_CPU         10043150 f   ntthread.obj
 0001:00042170       __PR_MD_SUSPEND_THREAD     10043170 f   ntthread.obj
 0001:000421d0       __PR_MD_RESUME_THREAD      100431d0 f   ntthread.obj
 0001:00042200       __MD_CURRENT_THREAD        10043200 f   ntthread.obj
 0001:000422a0       _DllMain@12                100432a0 f   ntdllmn.obj
 0001:00042370       __MD_win32_map_default_error 10043370 f   win32_errors.obj
 0001:00042bc0       __MD_win32_map_opendir_error 10043bc0 f   win32_errors.obj
 0001:00042be0       __MD_win32_map_closedir_error 10043be0 f   win32_errors.obj
 0001:00042c00       __MD_unix_readdir_error    10043c00 f   win32_errors.obj
 0001:00042c20       __MD_win32_map_delete_error 10043c20 f   win32_errors.obj
 0001:00042c40       __MD_win32_map_stat_error  10043c40 f   win32_errors.obj
 0001:00042cc0       __MD_win32_map_fstat_error 10043cc0 f   win32_errors.obj
 0001:00042ce0       __MD_win32_map_rename_error 10043ce0 f   win32_errors.obj
 0001:00042d00       __MD_win32_map_access_error 10043d00 f   win32_errors.obj
 0001:00042d20       __MD_win32_map_mkdir_error 10043d20 f   win32_errors.obj
 0001:00042d40       __MD_win32_map_rmdir_error 10043d40 f   win32_errors.obj
 0001:00042d60       __MD_win32_map_read_error  10043d60 f   win32_errors.obj
 0001:00042d80       __MD_win32_map_transmitfile_error 10043d80 f   win32_errors.obj
 0001:00042da0       __MD_win32_map_write_error 10043da0 f   win32_errors.obj
 0001:00042dc0       __MD_win32_map_lseek_error 10043dc0 f   win32_errors.obj
 0001:00042de0       __MD_win32_map_fsync_error 10043de0 f   win32_errors.obj
 0001:00042e00       __MD_win32_map_close_error 10043e00 f   win32_errors.obj
 0001:00042e20       __MD_win32_map_socket_error 10043e20 f   win32_errors.obj
 0001:00042e60       __MD_win32_map_recv_error  10043e60 f   win32_errors.obj
 0001:00042e80       __MD_win32_map_recvfrom_error 10043e80 f   win32_errors.obj
 0001:00042ea0       __MD_win32_map_send_error  10043ea0 f   win32_errors.obj
 0001:00042f00       __MD_win32_map_sendto_error 10043f00 f   win32_errors.obj
 0001:00042f60       __MD_win32_map_accept_error 10043f60 f   win32_errors.obj
 0001:00042fd0       __MD_win32_map_acceptex_error 10043fd0 f   win32_errors.obj
 0001:00042ff0       __MD_win32_map_connect_error 10043ff0 f   win32_errors.obj
 0001:00043070       __MD_win32_map_bind_error  10044070 f   win32_errors.obj
 0001:000430d0       __MD_win32_map_listen_error 100440d0 f   win32_errors.obj
 0001:00043140       __MD_win32_map_shutdown_error 10044140 f   win32_errors.obj
 0001:00043160       __MD_win32_map_getsockname_error 10044160 f   win32_errors.obj
 0001:000431c0       __MD_win32_map_getpeername_error 100441c0 f   win32_errors.obj
 0001:000431e0       __MD_win32_map_getsockopt_error 100441e0 f   win32_errors.obj
 0001:00043200       __MD_win32_map_setsockopt_error 10044200 f   win32_errors.obj
 0001:00043220       __MD_win32_map_open_error  10044220 f   win32_errors.obj
 0001:00043240       __MD_win32_map_gethostname_error 10044240 f   win32_errors.obj
 0001:00043260       __MD_win32_map_select_error 10044260 f   win32_errors.obj
 0001:000432c0       __MD_win32_map_lockf_error 100442c0 f   win32_errors.obj
 0001:000432e0       __PR_MD_OPEN_SEMAPHORE     100442e0 f   w32ipcsem.obj
 0001:000434f0       __PR_MD_WAIT_SEMAPHORE     100444f0 f   w32ipcsem.obj
 0001:000436d0       __PR_MD_POST_SEMAPHORE     100446d0 f   w32ipcsem.obj
 0001:00043710       __PR_MD_CLOSE_SEMAPHORE    10044710 f   w32ipcsem.obj
 0001:00043760       __PR_NTFiberSafeSelect     10044760 f   w32poll.obj
 0001:000438b0       __PR_MD_PR_POLL            100448b0 f   w32poll.obj
 0001:000443d0       __PR_MD_GetRandomNoise     100453d0 f   w32rng.obj
 0001:000445f0       __MD_OpenSharedMemory      100455f0 f   w32shm.obj
 0001:00044b60       __MD_AttachSharedMemory    10045b60 f   w32shm.obj
 0001:00044c30       __MD_DetachSharedMemory    10045c30 f   w32shm.obj
 0001:00044ce0       __MD_CloseSharedMemory     10045ce0 f   w32shm.obj
 0001:00044dd0       __MD_DeleteSharedMemory    10045dd0 f   w32shm.obj
 0001:00044de0       __md_OpenAnonFileMap       10045de0 f   w32shm.obj
 0001:00044ef0       __md_ExportFileMapAsString 10045ef0 f   w32shm.obj
 0001:00044f80       __md_ImportFileMapFromString 10045f80 f   w32shm.obj
 0001:00045076       _AllocateAndInitializeSid@44 10046076 f   advapi32:ADVAPI32.dll
 0001:0004507c       _CopySid@12                1004607c f   advapi32:ADVAPI32.dll
 0001:00045082       _GetLengthSid@4            10046082 f   advapi32:ADVAPI32.dll
 0001:00045088       _GetTokenInformation@20    10046088 f   advapi32:ADVAPI32.dll
 0001:0004508e       _OpenProcessToken@12       1004608e f   advapi32:ADVAPI32.dll
 0001:00045094       _FreeSid@4                 10046094 f   advapi32:ADVAPI32.dll
 0001:0004509a       _SetSecurityDescriptorDacl@16 1004609a f   advapi32:ADVAPI32.dll
 0001:000450a0       _AddAccessAllowedAce@16    100460a0 f   advapi32:ADVAPI32.dll
 0001:000450a6       _InitializeAcl@12          100460a6 f   advapi32:ADVAPI32.dll
 0001:000450ac       _SetSecurityDescriptorGroup@12 100460ac f   advapi32:ADVAPI32.dll
 0001:000450b2       _SetSecurityDescriptorOwner@12 100460b2 f   advapi32:ADVAPI32.dll
 0001:000450b8       _InitializeSecurityDescriptor@8 100460b8 f   advapi32:ADVAPI32.dll
 0001:000450be       _WSAGetLastError@0         100460be f   wsock32:WSOCK32.dll
 0001:000450c4       _closesocket@4             100460c4 f   wsock32:WSOCK32.dll
 0001:000450ca       _htonl@4                   100460ca f   wsock32:WSOCK32.dll
 0001:000450d0       _gethostbyname@4           100460d0 f   wsock32:WSOCK32.dll
 0001:000450d6       _gethostbyaddr@12          100460d6 f   wsock32:WSOCK32.dll
 0001:000450dc       _getprotobyname@4          100460dc f   wsock32:WSOCK32.dll
 0001:000450e2       _getprotobynumber@4        100460e2 f   wsock32:WSOCK32.dll
 0001:000450e8       _htons@4                   100460e8 f   wsock32:WSOCK32.dll
 0001:000450ee       _ntohs@4                   100460ee f   wsock32:WSOCK32.dll
 0001:000450f4       _ntohl@4                   100460f4 f   wsock32:WSOCK32.dll
 0001:000450fa       _inet_addr@4               100460fa f   wsock32:WSOCK32.dll
 0001:00045100       _getsockopt@20             10046100 f   wsock32:WSOCK32.dll
 0001:00045106       _accept@12                 10046106 f   wsock32:WSOCK32.dll
 0001:0004510c       _connect@12                1004610c f   wsock32:WSOCK32.dll
 0001:00045112       _listen@8                  10046112 f   wsock32:WSOCK32.dll
 0001:00045118       _getsockname@12            10046118 f   wsock32:WSOCK32.dll
 0001:0004511e       _bind@12                   1004611e f   wsock32:WSOCK32.dll
 0001:00045124       _socket@12                 10046124 f   wsock32:WSOCK32.dll
 0001:0004512a       _gethostname@8             1004612a f   wsock32:WSOCK32.dll
 0001:00045130       _WSAStartup@8              10046130 f   wsock32:WSOCK32.dll
 0001:00045136       _ioctlsocket@12            10046136 f   wsock32:WSOCK32.dll
 0001:0004513c       _setsockopt@20             1004613c f   wsock32:WSOCK32.dll
 0001:00045142       _GetAcceptExSockaddrs@32   10046142 f   wsock32:WSOCK32.dll
 0001:00045148       _AcceptEx@32               10046148 f   wsock32:WSOCK32.dll
 0001:0004514e       _TransmitFile@28           1004614e f   wsock32:WSOCK32.dll
 0001:00045154       _shutdown@8                10046154 f   wsock32:WSOCK32.dll
 0001:0004515a       _getpeername@12            1004615a f   wsock32:WSOCK32.dll
 0001:00045160       ___WSAFDIsSet@8            10046160 f   wsock32:WSOCK32.dll
 0001:00045166       _recv@16                   10046166 f   wsock32:WSOCK32.dll
 0001:0004516c       _send@16                   1004616c f   wsock32:WSOCK32.dll
 0001:00045172       _sendto@24                 10046172 f   wsock32:WSOCK32.dll
 0001:00045178       _recvfrom@24               10046178 f   wsock32:WSOCK32.dll
 0001:0004517e       _select@20                 1004617e f   wsock32:WSOCK32.dll
 0001:00045184       _WSASetLastError@4         10046184 f   wsock32:WSOCK32.dll
 0001:0004518a       _WSACleanup@0              1004618a f   wsock32:WSOCK32.dll
 0001:00045190       _timeGetTime@0             10046190 f   winmm:WINMM.dll
 0001:00045196       _memset                    10046196 f   MSVCRT:MSVCR90.dll
 0001:0004519c       _atoi                      1004619c f   MSVCRT:MSVCR90.dll
 0001:000451a2       _fprintf                   100461a2 f   MSVCRT:MSVCR90.dll
 0001:000451a8       ___iob_func                100461a8 f   MSVCRT:MSVCR90.dll
 0001:000451ae       _exit                      100461ae f   MSVCRT:MSVCR90.dll
 0001:000451b4       _memcpy                    100461b4 f   MSVCRT:MSVCR90.dll
 0001:000451ba       @__security_check_cookie@4 100461ba f   MSVCRT:secchk.obj
 0001:000451ca       _strcpy                    100461ca f   MSVCRT:MSVCR90.dll
 0001:000451d0       _strlen                    100461d0 f   MSVCRT:MSVCR90.dll
 0001:000451d6       _sscanf                    100461d6 f   MSVCRT:MSVCR90.dll
 0001:000451dc       _free                      100461dc f   MSVCRT:MSVCR90.dll
 0001:000451e2       _fclose                    100461e2 f   MSVCRT:MSVCR90.dll
 0001:000451e8       _setvbuf                   100461e8 f   MSVCRT:MSVCR90.dll
 0001:000451ee       _fopen                     100461ee f   MSVCRT:MSVCR90.dll
 0001:000451f4       _strcmp                    100461f4 f   MSVCRT:MSVCR90.dll
 0001:000451fa       _fflush                    100461fa f   MSVCRT:MSVCR90.dll
 0001:00045200       _fwrite                    10046200 f   MSVCRT:MSVCR90.dll
 0001:00045210       _abort                     10046210 f   MSVCRT:MSVCR90.dll
 0001:00045220       __aullrem                  10046220 f   MSVCRT:ullrem.obj
 0001:000452a0       __aulldiv                  100462a0 f   MSVCRT:ulldiv.obj
 0001:00045308       _sprintf                   10046308 f   MSVCRT:MSVCR90.dll
 0001:0004530e       _isdigit                   1004630e f   MSVCRT:MSVCR90.dll
 0001:00045314       _isspace                   10046314 f   MSVCRT:MSVCR90.dll
 0001:0004531a       _memchr                    1004631a f   MSVCRT:MSVCR90.dll
 0001:00045320       _strchr                    10046320 f   MSVCRT:MSVCR90.dll
 0001:00045326       _strtoul                   10046326 f   MSVCRT:MSVCR90.dll
 0001:0004532c       _strtol                    1004632c f   MSVCRT:MSVCR90.dll
 0001:00045332       _tolower                   10046332 f   MSVCRT:MSVCR90.dll
 0001:00045340       __allmul                   10046340 f   MSVCRT:llmul.obj
 0001:00045374       _getenv                    10046374 f   MSVCRT:MSVCR90.dll
 0001:0004537a       _strstr                    1004637a f   MSVCRT:MSVCR90.dll
 0001:00045380       _strrchr                   10046380 f   MSVCRT:MSVCR90.dll
 0001:00045386       _malloc                    10046386 f   MSVCRT:MSVCR90.dll
 0001:0004538c       _calloc                    1004638c f   MSVCRT:MSVCR90.dll
 0001:00045392       _realloc                   10046392 f   MSVCRT:MSVCR90.dll
 0001:000453a0       __ftol2_sse                100463a0 f   MSVCRT:ftol2.obj
 0001:000453a9       __ftol2_pentium4           100463a9 f   MSVCRT:ftol2.obj
 0001:000453bc       __ftol2_sse_excpt          100463bc f   MSVCRT:ftol2.obj
 0001:000453d6       __ftol2                    100463d6 f   MSVCRT:ftol2.obj
 0001:0004544c       _strcat                    1004644c f   MSVCRT:MSVCR90.dll
 0001:00045452       _strerror                  10046452 f   MSVCRT:MSVCR90.dll
 0001:00045458       __errno                    10046458 f   MSVCRT:MSVCR90.dll
 0001:0004545e       __wassert                  1004645e f   MSVCRT:MSVCR90.dll
 0001:00045464       _strncmp                   10046464 f   MSVCRT:MSVCR90.dll
 0001:00045470       __aullshr                  10046470 f   MSVCRT:ullshr.obj
 0001:00045490       __allshl                   10046490 f   MSVCRT:llshl.obj
 0001:000454b0       __allshr                   100464b0 f   MSVCRT:llshr.obj
 0001:000454e0       __allrem                   100464e0 f   MSVCRT:llrem.obj
 0001:000455a0       __alldiv                   100465a0 f   MSVCRT:lldiv.obj
 0001:0004564a       __localtime64              1004664a f   MSVCRT:MSVCR90.dll
 0001:00045650       _isalpha                   10046650 f   MSVCRT:MSVCR90.dll
 0001:00045656       __mktime64                 10046656 f   MSVCRT:MSVCR90.dll
 0001:0004565c       _strftime                  1004665c f   MSVCRT:MSVCR90.dll
 0001:00045662       _memmove                   10046662 f   MSVCRT:MSVCR90.dll
 0001:00045668       _qsort                     10046668 f   MSVCRT:MSVCR90.dll
 0001:0004566e       _strpbrk                   1004666e f   MSVCRT:MSVCR90.dll
 0001:00045674       __stricmp                  10046674 f   MSVCRT:MSVCR90.dll
 0001:0004567a       __mbsinc                   1004667a f   MSVCRT:MSVCR90.dll
 0001:00045680       __stat64i32                10046680 f   MSVCRT:MSVCR90.dll
 0001:00045686       __mbsdec                   10046686 f   MSVCRT:MSVCR90.dll
 0001:0004568c       __access                   1004668c f   MSVCRT:MSVCR90.dll
 0001:00045692       __beginthreadex            10046692 f   MSVCRT:MSVCR90.dll
 0001:00045698       __endthreadex              10046698 f   MSVCRT:MSVCR90.dll
 0001:0004569e       __exit                     1004669e f   MSVCRT:MSVCR90.dll
 0001:000456b0       __chkstk                   100466b0 f   MSVCRT:chkstk.obj
 0001:000456b0       __alloca_probe             100466b0     MSVCRT:chkstk.obj
 0001:000456dc       __time64                   100466dc f   MSVCRT:MSVCR90.dll
 0001:000456e2       _NtCurrentTeb              100466e2 f i MSVCRT:crtdll.obj
 0001:00045738       __CRT_INIT@12              10046738 f   MSVCRT:crtdll.obj
 0001:00045a74       __DllMainCRTStartup@12     10046a74 f   MSVCRT:crtdll.obj
 0001:00045a97       ___report_gsfailure        10046a97 f   MSVCRT:gs_report.obj
 0001:00045bed       __get_sse2_info            10046bed f   MSVCRT:cpu_disp.obj
 0001:00045c4f       ___sse2_available_init     10046c4f f   MSVCRT:cpu_disp.obj
 0001:00045c5c       ___clean_type_info_names   10046c5c f   MSVCRT:tncleanup.obj
 0001:00045c68       __onexit                   10046c68 f   MSVCRT:atonexit.obj
 0001:00045d0d       _atexit                    10046d0d f   MSVCRT:atonexit.obj
 0001:00045d24       __RTC_Initialize           10046d24 f   MSVCRT:_initsect_.obj
 0001:00045d4a       __RTC_Terminate            10046d4a f   MSVCRT:_initsect_.obj
 0001:00045d70       __encode_pointer           10046d70 f   MSVCRT:MSVCR90.dll
 0001:00045d76       __malloc_crt               10046d76 f   MSVCRT:MSVCR90.dll
 0001:00045d7c       __encoded_null             10046d7c f   MSVCRT:MSVCR90.dll
 0001:00045d82       __decode_pointer           10046d82 f   MSVCRT:MSVCR90.dll
 0001:00045d90       __ValidateImageBase        10046d90 f   MSVCRT:pesect.obj
 0001:00045dd0       __FindPESection            10046dd0 f   MSVCRT:pesect.obj
 0001:00045e20       __IsNonwritableInCurrentImage 10046e20 f   MSVCRT:pesect.obj
 0001:00045ede       __initterm                 10046ede f   MSVCRT:MSVCR90.dll
 0001:00045ee4       __initterm_e               10046ee4 f   MSVCRT:MSVCR90.dll
 0001:00045eea       __amsg_exit                10046eea f   MSVCRT:MSVCR90.dll
 0001:00045ef0       ___CppXcptFilter           10046ef0 f   MSVCRT:MSVCR90.dll
 0001:00045ef8       __SEH_prolog4              10046ef8 f   MSVCRT:sehprolg4.obj
 0001:00045f3d       __SEH_epilog4              10046f3d f   MSVCRT:sehprolg4.obj
 0001:00045f51       __except_handler4          10046f51 f   MSVCRT:chandler4gs.obj
 0001:00045f76       ___security_init_cookie    10046f76 f   MSVCRT:gs_support.obj
 0001:0004600c       __crt_debugger_hook        1004700c f   MSVCRT:MSVCR90.dll
 0001:00046012       ___clean_type_info_names_internal 10047012 f   MSVCRT:MSVCR90.dll
 0001:00046018       __unlock                   10047018 f   MSVCRT:MSVCR90.dll
 0001:0004601e       ___dllonexit               1004701e f   MSVCRT:MSVCR90.dll
 0001:00046024       __lock                     10047024 f   MSVCRT:MSVCR90.dll
 0001:0004602a       __except_handler4_common   1004702a f   MSVCRT:MSVCR90.dll
 0001:00046030       _InterlockedCompareExchange@12 10047030 f   kernel32:KERNEL32.dll
 0001:00046036       _ReadFile@20               10047036 f   kernel32:KERNEL32.dll
 0001:0004603c       _GetLastError@0            1004703c f   kernel32:KERNEL32.dll
 0001:00046042       _LeaveCriticalSection@4    10047042 f   kernel32:KERNEL32.dll
 0001:00046048       _EnterCriticalSection@4    10047048 f   kernel32:KERNEL32.dll
 0001:0004604e       _InitializeCriticalSection@4 1004704e f   kernel32:KERNEL32.dll
 0001:00046054       _DeleteCriticalSection@4   10047054 f   kernel32:KERNEL32.dll
 0001:0004605a       _OutputDebugStringA@4      1004705a f   kernel32:KERNEL32.dll
 0001:00046060       _TlsSetValue@8             10047060 f   kernel32:KERNEL32.dll
 0001:00046066       _TlsGetValue@4             10047066 f   kernel32:KERNEL32.dll
 0001:0004606c       _DebugBreak@0              1004706c f   kernel32:KERNEL32.dll
 0001:00046072       _GetModuleHandleA@4        10047072 f   kernel32:KERNEL32.dll
 0001:00046078       _LoadLibraryExW@12         10047078 f   kernel32:KERNEL32.dll
 0001:0004607e       _WideCharToMultiByte@32    1004707e f   kernel32:KERNEL32.dll
 0001:00046084       _MultiByteToWideChar@24    10047084 f   kernel32:KERNEL32.dll
 0001:0004608a       _FreeLibrary@4             1004708a f   kernel32:KERNEL32.dll
 0001:00046090       _GetProcAddress@8          10047090 f   kernel32:KERNEL32.dll
 0001:00046096       _GetModuleFileNameW@12     10047096 f   kernel32:KERNEL32.dll
 0001:0004609c       _GetModuleHandleW@4        1004709c f   kernel32:KERNEL32.dll
 0001:000460a2       _GetSystemInfo@4           100470a2 f   kernel32:KERNEL32.dll
 0001:000460a8       _InterlockedExchange@8     100470a8 f   kernel32:KERNEL32.dll
 0001:000460ae       _GlobalMemoryStatus@4      100470ae f   kernel32:KERNEL32.dll
 0001:000460b4       _CloseHandle@4             100470b4 f   kernel32:KERNEL32.dll
 0001:000460ba       _CreatePipe@16             100470ba f   kernel32:KERNEL32.dll
 0001:000460c0       _GetStdHandle@4            100470c0 f   kernel32:KERNEL32.dll
 0001:000460c6       _Sleep@4                   100470c6 f   kernel32:KERNEL32.dll
 0001:000460cc       _TryEnterCriticalSection@4 100470cc f   kernel32:KERNEL32.dll
 0001:000460d2       _SystemTimeToFileTime@8    100470d2 f   kernel32:KERNEL32.dll
 0001:000460d8       _GetSystemTime@4           100470d8 f   kernel32:KERNEL32.dll
 0001:000460de       _CreateProcessA@40         100470de f   kernel32:KERNEL32.dll
 0001:000460e4       _FreeEnvironmentStringsA@4 100470e4 f   kernel32:KERNEL32.dll
 0001:000460ea       _GetEnvironmentStrings@0   100470ea f   kernel32:KERNEL32.dll
 0001:000460f0       _GetExitCodeProcess@8      100470f0 f   kernel32:KERNEL32.dll
 0001:000460f6       _WaitForSingleObject@8     100470f6 f   kernel32:KERNEL32.dll
 0001:000460fc       _TerminateProcess@8        100470fc f   kernel32:KERNEL32.dll
 0001:00046102       _GetVersionExA@4           10047102 f   kernel32:KERNEL32.dll
 0001:00046108       _CreateFileMappingA@24     10047108 f   kernel32:KERNEL32.dll
 0001:0004610e       _FormatMessageA@28         1004710e f   kernel32:KERNEL32.dll
 0001:00046114       _MapViewOfFile@20          10047114 f   kernel32:KERNEL32.dll
 0001:0004611a       _UnmapViewOfFile@4         1004711a f   kernel32:KERNEL32.dll
 0001:00046120       _GetCurrentProcess@0       10047120 f   kernel32:KERNEL32.dll
 0001:00046126       _CreateSemaphoreA@16       10047126 f   kernel32:KERNEL32.dll
 0001:0004612c       _ReleaseSemaphore@12       1004712c f   kernel32:KERNEL32.dll
 0001:00046132       _GetThreadContext@8        10047132 f   kernel32:KERNEL32.dll
 0001:00046138       _GetQueuedCompletionStatus@20 10047138 f   kernel32:KERNEL32.dll
 0001:0004613e       _DeleteFiber@4             1004713e f   kernel32:KERNEL32.dll
 0001:00046144       _PostQueuedCompletionStatus@16 10047144 f   kernel32:KERNEL32.dll
 0001:0004614a       _CreateIoCompletionPort@16 1004714a f   kernel32:KERNEL32.dll
 0001:00046150       _ResetEvent@4              10047150 f   kernel32:KERNEL32.dll
 0001:00046156       _GetOverlappedResult@16    10047156 f   kernel32:KERNEL32.dll
 0001:0004615c       _WaitForMultipleObjects@16 1004715c f   kernel32:KERNEL32.dll
 0001:00046162       _WriteFile@20              10047162 f   kernel32:KERNEL32.dll
 0001:00046168       _SetFilePointer@16         10047168 f   kernel32:KERNEL32.dll
 0001:0004616e       _CreateFileA@28            1004716e f   kernel32:KERNEL32.dll
 0001:00046174       _FlushFileBuffers@4        10047174 f   kernel32:KERNEL32.dll
 0001:0004617a       _SetHandleInformation@12   1004717a f   kernel32:KERNEL32.dll
 0001:00046180       _GetHandleInformation@8    10047180 f   kernel32:KERNEL32.dll
 0001:00046186       _FindClose@4               10047186 f   kernel32:KERNEL32.dll
 0001:0004618c       _FindFirstFileA@8          1004718c f   kernel32:KERNEL32.dll
 0001:00046192       _FindNextFileA@8           10047192 f   kernel32:KERNEL32.dll
 0001:00046198       _DeleteFileA@4             10047198 f   kernel32:KERNEL32.dll
 0001:0004619e       _FileTimeToSystemTime@8    1004719e f   kernel32:KERNEL32.dll
 0001:000461a4       _GetFileAttributesExA@12   100471a4 f   kernel32:KERNEL32.dll
 0001:000461aa       _GetFileInformationByHandle@8 100471aa f   kernel32:KERNEL32.dll
 0001:000461b0       _MoveFileA@8               100471b0 f   kernel32:KERNEL32.dll
 0001:000461b6       _CreateDirectoryA@8        100471b6 f   kernel32:KERNEL32.dll
 0001:000461bc       _RemoveDirectoryA@4        100471bc f   kernel32:KERNEL32.dll
 0001:000461c2       _LockFileEx@24             100471c2 f   kernel32:KERNEL32.dll
 0001:000461c8       _UnlockFileEx@20           100471c8 f   kernel32:KERNEL32.dll
 0001:000461ce       _lstrlenA@4                100471ce f   kernel32:KERNEL32.dll
 0001:000461d4       _GetVolumeInformationA@32  100471d4 f   kernel32:KERNEL32.dll
 0001:000461da       _GetDriveTypeA@4           100471da f   kernel32:KERNEL32.dll
 0001:000461e0       _SetErrorMode@4            100471e0 f   kernel32:KERNEL32.dll
 0001:000461e6       _GetLogicalDriveStringsA@8 100471e6 f   kernel32:KERNEL32.dll
 0001:000461ec       _CancelIo@4                100471ec f   kernel32:KERNEL32.dll
 0001:000461f2       _TlsAlloc@0                100471f2 f   kernel32:KERNEL32.dll
 0001:000461f8       _TlsFree@4                 100471f8 f   kernel32:KERNEL32.dll
 0001:000461fe       _CreateEventA@16           100471fe f   kernel32:KERNEL32.dll
 0001:00046204       _DuplicateHandle@28        10047204 f   kernel32:KERNEL32.dll
 0001:0004620a       _GetCurrentThread@0        1004720a f   kernel32:KERNEL32.dll
 0001:00046210       _ResumeThread@4            10047210 f   kernel32:KERNEL32.dll
 0001:00046216       _SetThreadPriority@8       10047216 f   kernel32:KERNEL32.dll
 0001:0004621c       _ConvertThreadToFiber@4    1004721c f   kernel32:KERNEL32.dll
 0001:00046222       _CreateFiber@12            10047222 f   kernel32:KERNEL32.dll
 0001:00046228       _SwitchToFiber@4           10047228 f   kernel32:KERNEL32.dll
 0001:0004622e       _SetLastError@4            1004722e f   kernel32:KERNEL32.dll
 0001:00046234       _SetThreadAffinityMask@8   10047234 f   kernel32:KERNEL32.dll
 0001:0004623a       _GetProcessAffinityMask@12 1004723a f   kernel32:KERNEL32.dll
 0001:00046240       _SuspendThread@4           10047240 f   kernel32:KERNEL32.dll
 0001:00046246       _OpenSemaphoreA@12         10047246 f   kernel32:KERNEL32.dll
 0001:0004624c       _GetTickCount@0            1004724c f   kernel32:KERNEL32.dll
 0001:00046252       _QueryPerformanceCounter@4 10047252 f   kernel32:KERNEL32.dll
 0001:00046258       _OpenFileMappingA@12       10047258 f   kernel32:KERNEL32.dll
 0001:0004625e       _UnhandledExceptionFilter@4 1004725e f   kernel32:KERNEL32.dll
 0001:00046264       _SetUnhandledExceptionFilter@4 10047264 f   kernel32:KERNEL32.dll
 0001:0004626a       _IsDebuggerPresent@0       1004726a f   kernel32:KERNEL32.dll
 0001:00046270       _GetCurrentThreadId@0      10047270 f   kernel32:KERNEL32.dll
 0001:00046276       _GetCurrentProcessId@0     10047276 f   kernel32:KERNEL32.dll
 0001:0004627c       _GetSystemTimeAsFileTime@4 1004727c f   kernel32:KERNEL32.dll
 0001:00046282       __strdup                   10047282 f   MSVCRT:MSVCR90.dll
 0001:00046288       __putenv                   10047288 f   MSVCRT:MSVCR90.dll
 0002:00000000       ___xc_a                    10049000     MSVCRT:cinitexe.obj
 0002:00000104       ___xc_z                    10049104     MSVCRT:cinitexe.obj
 0002:00000208       ___xi_a                    10049208     MSVCRT:cinitexe.obj
 0002:00000514       ___xi_z                    10049514     MSVCRT:cinitexe.obj
 0002:00000618       ___xl_a                    10049618     MSVCRT:tlssup.obj
 0002:0000061c       ___xl_z                    1004961c     MSVCRT:tlssup.obj
 0002:0000063c       ??_C@_00CNPNBAHC@?$AA@     1004963c     prvrsion.obj
 0002:00000640       ??_C@_0DB@HABIKPPD@License?5information?3?5http?3?1?1www?4@ 10049640     prvrsion.obj
 0002:00000680       ??_C@_0EM@IKPMBEKH@Copyright?5?$CIc?$CJ?51998?5Netscape?5Comm@ 10049680     prvrsion.obj
 0002:000006dc       ??_C@_03HPADHAHE@N?1A?$AA@ 100496dc     prvrsion.obj
 0002:000006e0       ??_C@_0BB@BOGKMJGN@Portable?5runtime?$AA@ 100496e0     prvrsion.obj
 0002:000006f4       ??_C@_0N@NFPNJKJM@libnspr4?4dll?$AA@ 100496f4     prvrsion.obj
 0002:00000704       ??_C@_0BE@EAJCJDJ@2010?903?930?507?312?315?$AA@ 10049704     prvrsion.obj
 0002:0000071c       ??_C@_0CI@LBNIDJEJ@_PR_FILEDESC_FREED?5?$DN?$DN?5fd?9?$DOsecret@ 1004971c     prfdcach.obj
 0002:0000074c       ??_C@_0CE@FBEBMODC@PR_INVALID_IO_LAYER?5?$DN?$DN?5fd?9?$DOident@ 1004974c     prfdcach.obj
 0002:00000778       ??_C@_0CD@NONNLBII@?$CG_pr_faulty_methods?5?$DN?$DN?5fd?9?$DOmetho@ 10049778     prfdcach.obj
 0002:000007a4       ??_C@_0BK@EJJCGJIO@NULL?5?$DN?$DN?5_pr_fd_cache?4tail?$AA@ 100497a4     prfdcach.obj
 0002:000007c4       ??_C@_0BI@EPIBBPMI@0?5?$DN?$DN?5_pr_fd_cache?4count?$AA@ 100497c4     prfdcach.obj
 0002:000007e0       ??_C@_0BL@LLLIDGPL@NULL?5?$CB?$DN?5_pr_fd_cache?4stack?$AA@ 100497e0     prfdcach.obj
 0002:00000800       ??_C@_0EG@FKNIIGHN@c?3?1Users?1Tandy?1Programming?1mozil@ 10049800     prfdcach.obj
 0002:00000854       ??_C@_0CC@KPBMANAL@NULL?5?$DN?$DN?5_pr_fd_cache?4tail?9?$DOhighe@ 10049854     prfdcach.obj
 0002:0000087c       ??_C@_0BK@KFCKFPOK@NULL?5?$DN?$DN?5_pr_fd_cache?4head?$AA@ 1004987c     prfdcach.obj
 0002:0000089c       ??_C@_0CB@BIANKEKN@PR_NSPR_IO_LAYER?5?$DN?$DN?5fd?9?$DOidentity@ 1004989c     prfdcach.obj
 0002:000008c4       ??_C@_02OALMFNJO@FD?$AA@   100498c4     prfdcach.obj
 0002:000008c8       ??_C@_0BI@JLDDJHBA@NULL?5?$CB?$DN?5_pr_fd_cache?4ml?$AA@ 100498c8     prfdcach.obj
 0002:000008e4       ??_C@_0BI@DHKBICNB@NSPR_FD_CACHE_SIZE_HIGH?$AA@ 100498e4     prfdcach.obj
 0002:00000900       ??_C@_0BH@MAJDBBPN@NSPR_FD_CACHE_SIZE_LOW?$AA@ 10049900     prfdcach.obj
 0002:00000960       ??_C@_0BB@HHFBHKPC@NULL?5?$CB?$DN?5mw_state?$AA@ 10049960     prmwait.obj
 0002:00000974       ??_C@_0BA@MAOEPLOL@NULL?5?$CB?$DN?5mw_lock?$AA@ 10049974     prmwait.obj
 0002:00000988       ??_C@_0EF@IDAIIJMP@c?3?1Users?1Tandy?1Programming?1mozil@ 10049988     prmwait.obj
 0002:000009dc       ??_C@_0BG@FIKMBLOI@2?5?$DN?$DN?5timer?9?$DOref_count?$AA@ 100499dc     prmwait.obj
 0002:000009f8       ??_C@_0N@HNMHAHHF@0?5?$CB?$DN?5hoffset?$AA@ 100499f8     prmwait.obj
 0002:00000a08       ??_C@_07PIDKCFBG@0?5?$CB?$DN?5st?$AA@ 10049a08     prmwait.obj
 0002:00000a14       ??_C@_0P@CAAFECFL@NULL?5?$CB?$DN?5bottom?$AA@ 10049a14     prmwait.obj
 0002:00000a28       ??_C@_0BB@EOHDFPJN@NULL?5?$CB?$DN?5desc?9?$DOfd?$AA@ 10049a28     prmwait.obj
 0002:00000a3c       ??_C@_0BD@CHEKCHJC@_prmw_error?5?$CB?$DN?5hrv?$AA@ 10049a3c     prmwait.obj
 0002:00000a54       ??_C@_0CN@JLMOEIKI@desc?5?$DM?5?$CGoldHash?9?$DOrecv_wait?5?$CL?5old@ 10049a54     prmwait.obj
 0002:00000a8c       ??_C@_0O@OBDEDGLH@pidx?5?$DM?5primes?$AA@ 10049a8c     prmwait.obj
 0002:00000a9c       ??_C@_0BE@IKJEMKMC@?$CB?$CCWhat?5shall?5I?5do?$DP?$CC?$AA@ 10049a9c     prmwait.obj
 0002:00000ab4       ??_C@_0BB@JOHAHCNC@What?5shall?5I?5do?$DP?$AA@ 10049ab4     prmwait.obj
 0002:00000ac8       ??_C@_0BI@MKKELHBH@closesocket?5failed?3?5?$CFd?6?$AA@ 10049ac8     prmwait.obj
 0002:00000ae4       ??_C@_0DM@HAODLAHO@PR_INTERVAL_NO_TIMEOUT?5?$DN?$DN?5overla@ 10049ae4     prmwait.obj
 0002:00000b2c       ??_C@_0DM@KACKBHAC@PR_INTERVAL_NO_TIMEOUT?5?$CB?$DN?5overla@ 10049b2c     prmwait.obj
 0002:00000b74       ??_C@_01GBGANLPD@0?$AA@    10049b74     prmwait.obj
 0002:00000b78       ??_C@_0BB@EPOLCJHD@io_ready?5?$CB?$DN?5NULL?$AA@ 10049b78     prmwait.obj
 0002:00000b8c       ??_C@_0BG@GPGCEJJF@?$CIme?$CJ?9?$DOqueueCount?5?$DN?$DN?50?$AA@ 10049b8c     prmwait.obj
 0002:00000ba8       ??_C@_0O@NKPJIDCH@NULL?5?$CB?$DN?5group?$AA@ 10049ba8     prmwait.obj
 0002:00000bb8       ??_C@_0CE@OAOEMNOC@_PR_ENUM_SEALED?5?$DN?$DN?5enumerator?9?$DOs@ 10049bb8     prmwait.obj
 0002:00000be4       ??_C@_0BD@NDAAFECB@NULL?5?$CB?$DN?5enumerator?$AA@ 10049be4     prmwait.obj
 0002:00000bfc       ??_C@_0BJ@IMIGLKHN@me?5?$DN?$DN?5enumerator?9?$DOthread?$AA@ 10049bfc     prmwait.obj
 0002:00000c1c       ??_C@_0BG@JNAFMEAI@Unknown?5socket?5option?$AA@ 10049c1c     prmapopt.obj
 0002:00000c38       ??_C@_0BJ@JLLFIKHA@sizeof?$CIlinger?$CJ?5?$DN?$DN?5length?$AA@ 10049c38     prmapopt.obj
 0002:00000c58       ??_C@_0EG@MBNOPEJC@c?3?1Users?1Tandy?1Programming?1mozil@ 10049c58     prmapopt.obj
 0002:00000cb0       ??_C@_0GJ@DJENKHDG@?$CIfd?9?$DOsecret?9?$DOmd?4io_model_committ@ 10049cb0     prmapopt.obj
 0002:00000d30       ??_C@_0BJ@GIODPKAB@?$CB?$CCI?1O?5method?5is?5invalid?$CC?$AA@ 10049d30     priometh.obj
 0002:00000d50       ??_C@_0EG@MBGFCHCD@c?3?1Users?1Tandy?1Programming?1mozil@ 10049d50     priometh.obj
 0002:00000da4       ??_C@_0BG@HAEBIHNK@I?1O?5method?5is?5invalid?$AA@ 10049da4     priometh.obj
 0002:00000dc0       ??_C@_0BA@NAHDHGBJ@rv?5?$DN?$DN?5sfd?9?$DOtlen?$AA@ 10049dc0     priometh.obj
 0002:00000dd4       ??_C@_0BA@FDCOKDLL@0?5?$DN?$DN?5file_bytes?$AA@ 10049dd4     priometh.obj
 0002:00000de8       ??_C@_09OAAFOCJJ@rv?5?$DN?$DN?5len?$AA@ 10049de8     priometh.obj
 0002:00000df4       ??_C@_0CE@GLHNHPNI@?$CIfile_mmap_offset?5?$CF?5alignment?$CJ?5?$DN@ 10049df4     priometh.obj
 0002:00000e20       ??_C@_0DO@MMEMIEIA@rv?5?$DN?$DN?5sfd?9?$DOhlen?5?$CL?5len?5?$CL?5?$CI?$CIlen?5?$DN?$DN@ 10049e20     priometh.obj
 0002:00000e6c       ??_C@_0CL@LHNKCIEF@PR_INVALID_IO_LAYER?5?$CB?$DN?5_pr_ipv6_@ 10049e6c     pripv6.obj
 0002:00000ea0       ??_C@_0EE@IDKPOCBG@c?3?1Users?1Tandy?1Programming?1mozil@ 10049ea0     pripv6.obj
 0002:00000ef4       ??_C@_0BD@NIOKEHHF@Ipv6_to_Ipv4?5layer?$AA@ 10049ef4     pripv6.obj
 0002:00000f0c       ??_C@_0CH@ILJPAMMB@PR_AF_INET6?5?$DN?$DN?5src_v6addr?9?$DOipv6?4@ 10049f0c     pripv6.obj
 0002:00000f3c       ??_C@_0BB@OGFIJBHD@PR_SUCCESS?5?$DN?$DN?5rv?$AA@ 10049f3c     pripv6.obj
 0002:00000f50       ??_C@_0BC@FDAOODH@fd?9?$DOlower?5?$CB?$DN?5NULL?$AA@ 10049f50     pripv6.obj
 0002:00000f68       ??_C@_0L@LDHMPKLI@fd?5?$CB?$DN?5NULL?$AA@ 10049f68     pripv6.obj
 0002:00000f78       ??_C@_0CG@BENPFEGI@PR_AF_INET?5?$DN?$DN?5src_v4addr?9?$DOinet?4f@ 10049f78     pripv6.obj
 0002:00000fa8       ??_C@_0BC@MPGJNDMI@sd?9?$DOlower?5?$CB?$DN?5NULL?$AA@ 10049fa8     pripv6.obj
 0002:00000fc0       ??_C@_0L@GMNNJCDB@sd?5?$CB?$DN?5NULL?$AA@ 10049fc0     pripv6.obj
 0002:00000fd0       ??_C@_0CE@OABFFHGO@IsValidNetAddr?$CIipv6addr?$CJ?5?$DN?$DN?5PR_T@ 10049fd0     pripv6.obj
 0002:00001000       ??_C@_0EF@EELCBCIO@c?3?1Users?1Tandy?1Programming?1mozil@ 1004a000     prlayer.obj
 0002:00001054       ??_C@_0CK@GPFLMFFG@fd?9?$DOmethods?9?$DOfile_type?5?$DN?$DN?5PR_DES@ 1004a054     prlayer.obj
 0002:00001088       ??_C@_0BD@EAIBFAF@fd?9?$DOsecret?5?$DN?$DN?5NULL?$AA@ 1004a088     prlayer.obj
 0002:000010a0       ??_C@_0DK@BFPNAAAP@?$CIPR_NSPR_IO_LAYER?5?$CB?$DN?5ident?$CJ?5?$CG?$CG?5?$CI@ 1004a0a0     prlayer.obj
 0002:000010e8       ??_C@_0BH@IGDEBLJ@PR_IO_LAYER_HEAD?5?$CB?$DN?5id?$AA@ 1004a0e8     prlayer.obj
 0002:00001104       ??_C@_0P@PCGMPNGF@insert?5?$CB?$DN?5NULL?$AA@ 1004a104     prlayer.obj
 0002:00001118       ??_C@_0O@NGKIGFLH@stack?5?$CB?$DN?5NULL?$AA@ 1004a118     prlayer.obj
 0002:00001128       ??_C@_0BA@HKHHDFAM@NULL?5?$CB?$DN?5extract?$AA@ 1004a128     prlayer.obj
 0002:0000113c       ??_C@_0O@JMLMFFGB@NULL?5?$CB?$DN?5stack?$AA@ 1004a13c     prlayer.obj
 0002:0000114c       ??_C@_07KDEJBBOB@0?5?$CB?$DN?5id?$AA@ 1004a14c     prlayer.obj
 0002:00001158       ??_C@_0CO@OCDKDODD@identity_cache?4ident?5?$DM?$DN?5identity@ 1004a158     prlayer.obj
 0002:00001190       ??_C@_0O@NEALGOA@NULL?5?$DN?$DN?5names?$AA@ 1004a190     prlayer.obj
 0002:000011a0       ??_C@_0CO@DFPKPPIG@?$CIPRDescIdentity?$CJ0x7fff?5?$DO?5identit@ 1004a1a0     prlayer.obj
 0002:000011d8       ??_C@_0BO@MMIFBEJG@ident?5?$DM?$DN?5identity_cache?4ident?$AA@ 1004a1d8     prlayer.obj
 0002:000011fc       ??_C@_0BC@KKMJEPFA@NULL?5?$CB?$DN?5fd?9?$DOlower?$AA@ 1004a1fc     prlayer.obj
 0002:00001214       ??_C@_0L@LOOKDDHA@NULL?5?$CB?$DN?5fd?$AA@ 1004a214     prlayer.obj
 0002:00001224       ??_C@_0BK@ONGPHMAK@NULL?5?$CB?$DN?5identity_cache?4ml?$AA@ 1004a224     prlayer.obj
 0002:00001244       ??_C@_0CF@OOHPCBGD@Unable?5to?5create?5nspr?5log?5file?5?8@ 1004a244     prlog.obj
 0002:00001270       ??_C@_0O@DFNODIOH@NSPR_LOG_FILE?$AA@ 1004a270     prlog.obj
[...]
 0003:000031b8       ___sse2_available          100581b8     <common>
 0003:000031c4       ___dyn_tls_init_callback   100581c4     <common>
 0004:00000000       __IMPORT_DESCRIPTOR_ADVAPI32 10059000     advapi32:ADVAPI32.dll
 0004:00000014       __IMPORT_DESCRIPTOR_WSOCK32 10059014     wsock32:WSOCK32.dll
 0004:00000028       __IMPORT_DESCRIPTOR_WINMM  10059028     winmm:WINMM.dll
 0004:0000003c       __IMPORT_DESCRIPTOR_MSVCR90 1005903c     MSVCRT:MSVCR90.dll
 0004:00000050       __IMPORT_DESCRIPTOR_KERNEL32 10059050     kernel32:KERNEL32.dll
 0004:00000064       __NULL_IMPORT_DESCRIPTOR   10059064     advapi32:ADVAPI32.dll
 0004:00000564       __imp__AllocateAndInitializeSid@44 10059564     advapi32:ADVAPI32.dll
 0004:00000568       __imp__CopySid@12          10059568     advapi32:ADVAPI32.dll
 0004:0000056c       __imp__GetLengthSid@4      1005956c     advapi32:ADVAPI32.dll
 0004:00000570       __imp__GetTokenInformation@20 10059570     advapi32:ADVAPI32.dll
 0004:00000574       __imp__OpenProcessToken@12 10059574     advapi32:ADVAPI32.dll
 0004:00000578       __imp__FreeSid@4           10059578     advapi32:ADVAPI32.dll
 0004:0000057c       __imp__SetSecurityDescriptorDacl@16 1005957c     advapi32:ADVAPI32.dll
 0004:00000580       __imp__AddAccessAllowedAce@16 10059580     advapi32:ADVAPI32.dll
 0004:00000584       __imp__InitializeAcl@12    10059584     advapi32:ADVAPI32.dll
 0004:00000588       __imp__SetSecurityDescriptorGroup@12 10059588     advapi32:ADVAPI32.dll
 0004:0000058c       __imp__SetSecurityDescriptorOwner@12 1005958c     advapi32:ADVAPI32.dll
 0004:00000590       __imp__InitializeSecurityDescriptor@8 10059590     advapi32:ADVAPI32.dll
 0004:00000594       \177ADVAPI32_NULL_THUNK_DATA 10059594     advapi32:ADVAPI32.dll
 0004:000005c8       __imp__FileTimeToSystemTime@8 100595c8     kernel32:KERNEL32.dll
 0004:000005cc       __imp__GetSystemTimeAsFileTime@4 100595cc     kernel32:KERNEL32.dll
 0004:000005d0       __imp__GetCurrentProcessId@0 100595d0     kernel32:KERNEL32.dll
 0004:000005d4       __imp__GetCurrentThreadId@0 100595d4     kernel32:KERNEL32.dll
 0004:000005d8       __imp__IsDebuggerPresent@0 100595d8     kernel32:KERNEL32.dll
 0004:000005dc       __imp__SetUnhandledExceptionFilter@4 100595dc     kernel32:KERNEL32.dll
 0004:000005e0       __imp__UnhandledExceptionFilter@4 100595e0     kernel32:KERNEL32.dll
 0004:000005e4       __imp__OpenFileMappingA@12 100595e4     kernel32:KERNEL32.dll
 0004:000005e8       __imp__QueryPerformanceCounter@4 100595e8     kernel32:KERNEL32.dll
 0004:000005ec       __imp__GetTickCount@0      100595ec     kernel32:KERNEL32.dll
 0004:000005f0       __imp__OpenSemaphoreA@12   100595f0     kernel32:KERNEL32.dll
 0004:000005f4       __imp__SuspendThread@4     100595f4     kernel32:KERNEL32.dll
 0004:000005f8       __imp__GetProcessAffinityMask@12 100595f8     kernel32:KERNEL32.dll
 0004:000005fc       __imp__SetThreadAffinityMask@8 100595fc     kernel32:KERNEL32.dll
 0004:00000600       __imp__SetLastError@4      10059600     kernel32:KERNEL32.dll
 0004:00000604       __imp__SwitchToFiber@4     10059604     kernel32:KERNEL32.dll
 0004:00000608       __imp__CreateFiber@12      10059608     kernel32:KERNEL32.dll
 0004:0000060c       __imp__ConvertThreadToFiber@4 1005960c     kernel32:KERNEL32.dll
 0004:00000610       __imp__SetThreadPriority@8 10059610     kernel32:KERNEL32.dll
 0004:00000614       __imp__ResumeThread@4      10059614     kernel32:KERNEL32.dll
 0004:00000618       __imp__GetCurrentThread@0  10059618     kernel32:KERNEL32.dll
 0004:0000061c       __imp__DuplicateHandle@28  1005961c     kernel32:KERNEL32.dll
 0004:00000620       __imp__CreateEventA@16     10059620     kernel32:KERNEL32.dll
 0004:00000624       __imp__TlsFree@4           10059624     kernel32:KERNEL32.dll
 0004:00000628       __imp__TlsAlloc@0          10059628     kernel32:KERNEL32.dll
 0004:0000062c       __imp__CancelIo@4          1005962c     kernel32:KERNEL32.dll
 0004:00000630       __imp__GetLogicalDriveStringsA@8 10059630     kernel32:KERNEL32.dll
 0004:00000634       __imp__SetErrorMode@4      10059634     kernel32:KERNEL32.dll
 0004:00000638       __imp__GetDriveTypeA@4     10059638     kernel32:KERNEL32.dll
 0004:0000063c       __imp__GetVolumeInformationA@32 1005963c     kernel32:KERNEL32.dll
 0004:00000640       __imp__lstrlenA@4          10059640     kernel32:KERNEL32.dll
 0004:00000644       __imp__UnlockFileEx@20     10059644     kernel32:KERNEL32.dll
 0004:00000648       __imp__LockFileEx@24       10059648     kernel32:KERNEL32.dll
 0004:0000064c       __imp__RemoveDirectoryA@4  1005964c     kernel32:KERNEL32.dll
 0004:00000650       __imp__CreateDirectoryA@8  10059650     kernel32:KERNEL32.dll
 0004:00000654       __imp__MoveFileA@8         10059654     kernel32:KERNEL32.dll
 0004:00000658       __imp__GetFileInformationByHandle@8 10059658     kernel32:KERNEL32.dll
 0004:0000065c       __imp__DeleteFileA@4       1005965c     kernel32:KERNEL32.dll
 0004:00000660       __imp__FindNextFileA@8     10059660     kernel32:KERNEL32.dll
 0004:00000664       __imp__FindFirstFileA@8    10059664     kernel32:KERNEL32.dll
 0004:00000668       __imp__FindClose@4         10059668     kernel32:KERNEL32.dll
 0004:0000066c       __imp__GetHandleInformation@8 1005966c     kernel32:KERNEL32.dll
 0004:00000670       __imp__SetHandleInformation@12 10059670     kernel32:KERNEL32.dll
 0004:00000674       __imp__FlushFileBuffers@4  10059674     kernel32:KERNEL32.dll
 0004:00000678       __imp__CreateFileA@28      10059678     kernel32:KERNEL32.dll
 0004:0000067c       __imp__SetFilePointer@16   1005967c     kernel32:KERNEL32.dll
 0004:00000680       __imp__WriteFile@20        10059680     kernel32:KERNEL32.dll
 0004:00000684       __imp__WaitForMultipleObjects@16 10059684     kernel32:KERNEL32.dll
 0004:00000688       __imp__GetOverlappedResult@16 10059688     kernel32:KERNEL32.dll
 0004:0000068c       __imp__ResetEvent@4        1005968c     kernel32:KERNEL32.dll
 0004:00000690       __imp__CreateIoCompletionPort@16 10059690     kernel32:KERNEL32.dll
 0004:00000694       __imp__PostQueuedCompletionStatus@16 10059694     kernel32:KERNEL32.dll
 0004:00000698       __imp__DeleteFiber@4       10059698     kernel32:KERNEL32.dll
 0004:0000069c       __imp__GetQueuedCompletionStatus@20 1005969c     kernel32:KERNEL32.dll
 0004:000006a0       __imp__GetThreadContext@8  100596a0     kernel32:KERNEL32.dll
 0004:000006a4       __imp__ReleaseSemaphore@12 100596a4     kernel32:KERNEL32.dll
 0004:000006a8       __imp__CreateSemaphoreA@16 100596a8     kernel32:KERNEL32.dll
 0004:000006ac       __imp__GetCurrentProcess@0 100596ac     kernel32:KERNEL32.dll
 0004:000006b0       __imp__UnmapViewOfFile@4   100596b0     kernel32:KERNEL32.dll
 0004:000006b4       __imp__MapViewOfFile@20    100596b4     kernel32:KERNEL32.dll
 0004:000006b8       __imp__FormatMessageA@28   100596b8     kernel32:KERNEL32.dll
 0004:000006bc       __imp__CreateFileMappingA@24 100596bc     kernel32:KERNEL32.dll
 0004:000006c0       __imp__GetVersionExA@4     100596c0     kernel32:KERNEL32.dll
 0004:000006c4       __imp__TerminateProcess@8  100596c4     kernel32:KERNEL32.dll
 0004:000006c8       __imp__WaitForSingleObject@8 100596c8     kernel32:KERNEL32.dll
 0004:000006cc       __imp__GetExitCodeProcess@8 100596cc     kernel32:KERNEL32.dll
 0004:000006d0       __imp__GetEnvironmentStrings@0 100596d0     kernel32:KERNEL32.dll
 0004:000006d4       __imp__FreeEnvironmentStringsA@4 100596d4     kernel32:KERNEL32.dll
 0004:000006d8       __imp__CreateProcessA@40   100596d8     kernel32:KERNEL32.dll
 0004:000006dc       __imp__GetSystemTime@4     100596dc     kernel32:KERNEL32.dll
 0004:000006e0       __imp__SystemTimeToFileTime@8 100596e0     kernel32:KERNEL32.dll
 0004:000006e4       __imp__TryEnterCriticalSection@4 100596e4     kernel32:KERNEL32.dll
 0004:000006e8       __imp__Sleep@4             100596e8     kernel32:KERNEL32.dll
 0004:000006ec       __imp__GetStdHandle@4      100596ec     kernel32:KERNEL32.dll
 0004:000006f0       __imp__CreatePipe@16       100596f0     kernel32:KERNEL32.dll
 0004:000006f4       __imp__CloseHandle@4       100596f4     kernel32:KERNEL32.dll
 0004:000006f8       __imp__GlobalMemoryStatus@4 100596f8     kernel32:KERNEL32.dll
 0004:000006fc       __imp__InterlockedExchange@8 100596fc     kernel32:KERNEL32.dll
 0004:00000700       __imp__GetFileAttributesExA@12 10059700     kernel32:KERNEL32.dll
 0004:00000704       __imp__GetSystemInfo@4     10059704     kernel32:KERNEL32.dll
 0004:00000708       __imp__GetModuleHandleW@4  10059708     kernel32:KERNEL32.dll
 0004:0000070c       __imp__GetModuleFileNameW@12 1005970c     kernel32:KERNEL32.dll
 0004:00000710       __imp__GetProcAddress@8    10059710     kernel32:KERNEL32.dll
 0004:00000714       __imp__FreeLibrary@4       10059714     kernel32:KERNEL32.dll
 0004:00000718       __imp__MultiByteToWideChar@24 10059718     kernel32:KERNEL32.dll
 0004:0000071c       __imp__WideCharToMultiByte@32 1005971c     kernel32:KERNEL32.dll
 0004:00000720       __imp__LoadLibraryExW@12   10059720     kernel32:KERNEL32.dll
 0004:00000724       __imp__GetModuleHandleA@4  10059724     kernel32:KERNEL32.dll
 0004:00000728       __imp__DebugBreak@0        10059728     kernel32:KERNEL32.dll
 0004:0000072c       __imp__TlsGetValue@4       1005972c     kernel32:KERNEL32.dll
 0004:00000730       __imp__TlsSetValue@8       10059730     kernel32:KERNEL32.dll
 0004:00000734       __imp__OutputDebugStringA@4 10059734     kernel32:KERNEL32.dll
 0004:00000738       __imp__DeleteCriticalSection@4 10059738     kernel32:KERNEL32.dll
 0004:0000073c       __imp__InitializeCriticalSection@4 1005973c     kernel32:KERNEL32.dll
 0004:00000740       __imp__EnterCriticalSection@4 10059740     kernel32:KERNEL32.dll
 0004:00000744       __imp__LeaveCriticalSection@4 10059744     kernel32:KERNEL32.dll
 0004:00000748       __imp__GetLastError@0      10059748     kernel32:KERNEL32.dll
 0004:0000074c       __imp__ReadFile@20         1005974c     kernel32:KERNEL32.dll
 0004:00000750       __imp__InterlockedCompareExchange@12 10059750     kernel32:KERNEL32.dll
 0004:00000754       \177KERNEL32_NULL_THUNK_DATA 10059754     kernel32:KERNEL32.dll
 0004:000007cc       __imp___crt_debugger_hook  100597cc     MSVCRT:MSVCR90.dll
 0004:000007d0       __imp____clean_type_info_names_internal 100597d0     MSVCRT:MSVCR90.dll
 0004:000007d4       __imp___unlock             100597d4     MSVCRT:MSVCR90.dll
 0004:000007d8       __imp____dllonexit         100597d8     MSVCRT:MSVCR90.dll
 0004:000007dc       __imp___lock               100597dc     MSVCRT:MSVCR90.dll
 0004:000007e0       __imp___onexit             100597e0     MSVCRT:MSVCR90.dll
 0004:000007e4       __imp___except_handler4_common 100597e4     MSVCRT:MSVCR90.dll
 0004:000007e8       __imp____CppXcptFilter     100597e8     MSVCRT:MSVCR90.dll
 0004:000007ec       __imp___adjust_fdiv        100597ec     MSVCRT:MSVCR90.dll
 0004:000007f0       __imp___amsg_exit          100597f0     MSVCRT:MSVCR90.dll
 0004:000007f4       __imp___initterm_e         100597f4     MSVCRT:MSVCR90.dll
 0004:000007f8       __imp___initterm           100597f8     MSVCRT:MSVCR90.dll
 0004:000007fc       __imp___decode_pointer     100597fc     MSVCRT:MSVCR90.dll
 0004:00000800       __imp___encoded_null       10059800     MSVCRT:MSVCR90.dll
 0004:00000804       __imp___malloc_crt         10059804     MSVCRT:MSVCR90.dll
 0004:00000808       __imp___encode_pointer     10059808     MSVCRT:MSVCR90.dll
 0004:0000080c       __imp___time64             1005980c     MSVCRT:MSVCR90.dll
 0004:00000810       __imp___exit               10059810     MSVCRT:MSVCR90.dll
 0004:00000814       __imp___endthreadex        10059814     MSVCRT:MSVCR90.dll
 0004:00000818       __imp___beginthreadex      10059818     MSVCRT:MSVCR90.dll
 0004:0000081c       __imp___access             1005981c     MSVCRT:MSVCR90.dll
 0004:00000820       __imp___mbsdec             10059820     MSVCRT:MSVCR90.dll
 0004:00000824       __imp___stat64i32          10059824     MSVCRT:MSVCR90.dll
 0004:00000828       __imp___mbsinc             10059828     MSVCRT:MSVCR90.dll
 0004:0000082c       __imp__strcmpi             1005982c     MSVCRT:MSVCR90.dll
 0004:0000082c       __imp__stricmp             1005982c     MSVCRT:MSVCR90.dll
 0004:0000082c       __imp___stricmp            1005982c     MSVCRT:MSVCR90.dll
 0004:00000830       __imp__strpbrk             10059830     MSVCRT:MSVCR90.dll
 0004:00000834       __imp___environ            10059834     MSVCRT:MSVCR90.dll
 0004:00000838       __imp__memmove             10059838     MSVCRT:MSVCR90.dll
 0004:0000083c       __imp__strftime            1005983c     MSVCRT:MSVCR90.dll
 0004:00000840       __imp___mktime64           10059840     MSVCRT:MSVCR90.dll
 0004:00000844       __imp__isalpha             10059844     MSVCRT:MSVCR90.dll
 0004:00000848       __imp___localtime64        10059848     MSVCRT:MSVCR90.dll
 0004:0000084c       __imp__strncmp             1005984c     MSVCRT:MSVCR90.dll
 0004:00000850       __imp___wassert            10059850     MSVCRT:MSVCR90.dll
 0004:00000854       __imp___errno              10059854     MSVCRT:MSVCR90.dll
 0004:00000858       __imp__strerror            10059858     MSVCRT:MSVCR90.dll
 0004:0000085c       __imp__strcat              1005985c     MSVCRT:MSVCR90.dll
 0004:00000860       __imp__realloc             10059860     MSVCRT:MSVCR90.dll
 0004:00000864       __imp__calloc              10059864     MSVCRT:MSVCR90.dll
 0004:00000868       __imp__malloc              10059868     MSVCRT:MSVCR90.dll
 0004:0000086c       __imp__strrchr             1005986c     MSVCRT:MSVCR90.dll
 0004:00000870       __imp__strstr              10059870     MSVCRT:MSVCR90.dll
 0004:00000874       __imp__getenv              10059874     MSVCRT:MSVCR90.dll
 0004:00000878       __imp__tolower             10059878     MSVCRT:MSVCR90.dll
 0004:0000087c       __imp__strtol              1005987c     MSVCRT:MSVCR90.dll
 0004:00000880       __imp__strtoul             10059880     MSVCRT:MSVCR90.dll
 0004:00000884       __imp__strchr              10059884     MSVCRT:MSVCR90.dll
 0004:00000888       __imp__memchr              10059888     MSVCRT:MSVCR90.dll
 0004:0000088c       __imp__isspace             1005988c     MSVCRT:MSVCR90.dll
 0004:00000890       __imp__isdigit             10059890     MSVCRT:MSVCR90.dll
 0004:00000894       __imp__sprintf             10059894     MSVCRT:MSVCR90.dll
 0004:00000898       __imp__abort               10059898     MSVCRT:MSVCR90.dll
 0004:0000089c       __imp__fwrite              1005989c     MSVCRT:MSVCR90.dll
 0004:000008a0       __imp__fflush              100598a0     MSVCRT:MSVCR90.dll
 0004:000008a4       __imp__strcmp              100598a4     MSVCRT:MSVCR90.dll
 0004:000008a8       __imp__fopen               100598a8     MSVCRT:MSVCR90.dll
 0004:000008ac       __imp__setvbuf             100598ac     MSVCRT:MSVCR90.dll
 0004:000008b0       __imp__fclose              100598b0     MSVCRT:MSVCR90.dll
 0004:000008b4       __imp__free                100598b4     MSVCRT:MSVCR90.dll
 0004:000008b8       __imp__sscanf              100598b8     MSVCRT:MSVCR90.dll
 0004:000008bc       __imp__strlen              100598bc     MSVCRT:MSVCR90.dll
 0004:000008c0       __imp__strcpy              100598c0     MSVCRT:MSVCR90.dll
 0004:000008c4       __imp__memcpy              100598c4     MSVCRT:MSVCR90.dll
 0004:000008c8       __imp__exit                100598c8     MSVCRT:MSVCR90.dll
 0004:000008cc       __imp____iob_func          100598cc     MSVCRT:MSVCR90.dll
 0004:000008d0       __imp__fprintf             100598d0     MSVCRT:MSVCR90.dll
 0004:000008d4       __imp__atoi                100598d4     MSVCRT:MSVCR90.dll
 0004:000008d8       __imp__memset              100598d8     MSVCRT:MSVCR90.dll
 0004:000008dc       __imp__strdup              100598dc     MSVCRT:MSVCR90.dll
 0004:000008dc       __imp___strdup             100598dc     MSVCRT:MSVCR90.dll
 0004:000008e0       __imp__qsort               100598e0     MSVCRT:MSVCR90.dll
 0004:000008e4       __imp___putenv             100598e4     MSVCRT:MSVCR90.dll
 0004:000008e4       __imp__putenv              100598e4     MSVCRT:MSVCR90.dll
 0004:000008e8       \177MSVCR90_NULL_THUNK_DATA 100598e8     MSVCRT:MSVCR90.dll
 0004:0000094c       __imp__timeGetTime@0       1005994c     winmm:WINMM.dll
 0004:00000950       \177WINMM_NULL_THUNK_DATA  10059950     winmm:WINMM.dll
 0004:0000097c       __imp__WSACleanup@0        1005997c     wsock32:WSOCK32.dll
 0004:00000980       __imp__WSASetLastError@4   10059980     wsock32:WSOCK32.dll
 0004:00000984       __imp__select@20           10059984     wsock32:WSOCK32.dll
 0004:00000988       __imp__recvfrom@24         10059988     wsock32:WSOCK32.dll
 0004:0000098c       __imp__sendto@24           1005998c     wsock32:WSOCK32.dll
 0004:00000990       __imp__send@16             10059990     wsock32:WSOCK32.dll
 0004:00000994       __imp__recv@16             10059994     wsock32:WSOCK32.dll
 0004:00000998       __imp____WSAFDIsSet@8      10059998     wsock32:WSOCK32.dll
 0004:0000099c       __imp__getpeername@12      1005999c     wsock32:WSOCK32.dll
 0004:000009a0       __imp__shutdown@8          100599a0     wsock32:WSOCK32.dll
 0004:000009a4       __imp__TransmitFile@28     100599a4     wsock32:WSOCK32.dll
 0004:000009a8       __imp__AcceptEx@32         100599a8     wsock32:WSOCK32.dll
 0004:000009ac       __imp__GetAcceptExSockaddrs@32 100599ac     wsock32:WSOCK32.dll
 0004:000009b0       __imp__setsockopt@20       100599b0     wsock32:WSOCK32.dll
 0004:000009b4       __imp__ioctlsocket@12      100599b4     wsock32:WSOCK32.dll
 0004:000009b8       __imp__WSAStartup@8        100599b8     wsock32:WSOCK32.dll
 0004:000009bc       __imp__socket@12           100599bc     wsock32:WSOCK32.dll
 0004:000009c0       __imp__bind@12             100599c0     wsock32:WSOCK32.dll
 0004:000009c4       __imp__getsockname@12      100599c4     wsock32:WSOCK32.dll
 0004:000009c8       __imp__listen@8            100599c8     wsock32:WSOCK32.dll
 0004:000009cc       __imp__connect@12          100599cc     wsock32:WSOCK32.dll
 0004:000009d0       __imp__accept@12           100599d0     wsock32:WSOCK32.dll
 0004:000009d4       __imp__getsockopt@20       100599d4     wsock32:WSOCK32.dll
 0004:000009d8       __imp__inet_addr@4         100599d8     wsock32:WSOCK32.dll
 0004:000009dc       __imp__ntohl@4             100599dc     wsock32:WSOCK32.dll
 0004:000009e0       __imp__ntohs@4             100599e0     wsock32:WSOCK32.dll
 0004:000009e4       __imp__htons@4             100599e4     wsock32:WSOCK32.dll
 0004:000009e8       __imp__getprotobynumber@4  100599e8     wsock32:WSOCK32.dll
 0004:000009ec       __imp__getprotobyname@4    100599ec     wsock32:WSOCK32.dll
 0004:000009f0       __imp__gethostbyaddr@12    100599f0     wsock32:WSOCK32.dll
 0004:000009f4       __imp__gethostbyname@4     100599f4     wsock32:WSOCK32.dll
 0004:000009f8       __imp__htonl@4             100599f8     wsock32:WSOCK32.dll
 0004:000009fc       __imp__closesocket@4       100599fc     wsock32:WSOCK32.dll
 0004:00000a00       __imp__WSAGetLastError@0   10059a00     wsock32:WSOCK32.dll
 0004:00000a04       __imp__gethostname@8       10059a04     wsock32:WSOCK32.dll
 0004:00000a08       \177WSOCK32_NULL_THUNK_DATA 10059a08     wsock32:WSOCK32.dll
 0005:00000000       __tls_start                1005b000     MSVCRT:tlssup.obj
 0005:00000104       __pr_io_restarted_io       1005b104     ntio.obj
 0005:00000108       __pr_current_fiber         1005b108     ntthread.obj
 0005:0000010c       __pr_fiber_last_run        1005b10c     ntthread.obj
 0005:00000110       __pr_ints_off              1005b110     ntthread.obj
 0005:00000114       __pr_current_cpu           1005b114     ntthread.obj
 0005:0000021c       __tls_end                  1005b21c     MSVCRT:tlssup.obj

 entry point at        0001:00045a74

